[Licensing::Module] Trying to connect to existing licensing client channel...
[Licensing::IpcConnector] Successfully connected to: "LicenseClient-Edher" at "2026-09-09T20:37:49.6168124Z"
Built from '6000.6/respin/6000.6.0f1-fa21a270ab12' branch; Version is '6000.6.0f1 (f7f8ed4d1e24) revision 16251117'; Using compiler version '194234433'; Build Type 'Release'
OS: 'Windows 11  (10.0.26200) Professional' Language: 'es' Physical Memory: 7933 MB
BatchMode: 1, IsHumanControllingUs: 0, StartBugReporterOnCrash: 0, Is64bit: 1
System  architecture: x64
Process architecture: x64
Date: 2026-09-09T20:37:49Z

COMMAND LINE ARGUMENTS:
C:\Program Files\Unity\Hub\Editor\6000.6.0f1\Editor\Unity.exe
-adb2
-batchMode
-noUpm
-name
AssetImportWorkerHW4
-projectPath
C:/Users/edher/Desktop/EdherUnity/Juego
-logFile
Logs/AssetImportWorkerHW4.log
-srvPort
62877
-parentPid
25220
-analyticsCloudUserId
4674243297487
-analyticsCloudProjectId
d0c1d6c6-fe5a-420c-bcfb-77216588f533
-analyticsLocalProjectId
86e64a3b7b3a6df4d94e08c53d07f26e
-editorAnalyticsEnabled
1
-cbmEditorLicense
f9d5598ab516e50d9d9608988479e51d24174db0
-cbmMachineId
41Jf7XdW8A0fz8lSBrvPAOfi/1M=
-noDiagnosticSwitchPersistentStore
-job-worker-count
5
-background-job-worker-count
8
-asset-garbage-collectors
1
-force-d3d12
-name
AssetImport
Successfully changed project path to: C:/Users/edher/Desktop/EdherUnity/Juego
C:/Users/edher/Desktop/EdherUnity/Juego
[UnityMemory] Configuration Parameters - Can be set up in boot.config
    "memorysetup-temp-allocator-size-gi-baking-worker=262144"
    "memorysetup-temp-allocator-size-gi-baking-worker=262144"
    "memorysetup-temp-allocator-size-gi-baking-worker=262144"
    "memorysetup-temp-allocator-size-gi-baking-worker=262144"
    "memorysetup-temp-allocator-size-gi-baking-worker=262144"
    "memorysetup-temp-allocator-size-nav-mesh-worker=65536"
    "memorysetup-temp-allocator-size-audio-worker=65536"
    "memorysetup-temp-allocator-size-cloud-worker=32768"
    "memorysetup-temp-allocator-size-gfx=262144"
    "memorysetup-remapper-allocator-initial-capacity=32768"
    "memorysetup-temp-allocator-size-preload-manager=33554432"
    "memorysetup-allocator-temp-initial-block-size-main=262144"
    "memorysetup-allocator-temp-initial-block-size-worker=262144"
    "memorysetup-temp-allocator-size-job-worker=262144"
    "memorysetup-temp-allocator-size-background-worker=32768"
    "memorysetup-bucket-allocator-granularity=16"
    "memorysetup-bucket-allocator-bucket-count=8"
    "memorysetup-bucket-allocator-block-size=33554432"
    "memorysetup-bucket-allocator-block-count=8"
    "memorysetup-main-allocator-block-size=16777216"
    "memorysetup-thread-allocator-block-size=16777216"
    "memorysetup-main-allocator-mimalloc-enabled=1"
    "memorysetup-gfx-main-allocator-block-size=16777216"
    "memorysetup-gfx-thread-allocator-block-size=16777216"
    "memorysetup-cache-allocator-block-size=4194304"
    "memorysetup-typetree-allocator-block-size=2097152"
    "memorysetup-profiler-bucket-allocator-granularity=16"
    "memorysetup-profiler-bucket-allocator-bucket-count=8"
    "memorysetup-profiler-bucket-allocator-block-size=33554432"
    "memorysetup-profiler-bucket-allocator-block-count=8"
    "memorysetup-profiler-allocator-block-size=16777216"
    "memorysetup-profiler-editor-allocator-block-size=1048576"
    "memorysetup-temp-allocator-size-main=16777216"
    "memorysetup-job-temp-allocator-block-size=2097152"
    "memorysetup-job-temp-allocator-block-size-background=1048576"
    "memorysetup-job-temp-allocator-reduction-small-platforms=262144"
Player connection [21284]  Target information:

Player connection [21284]  * "[IP] 192.168.18.52 [Port] 0 [Flags] 2 [Guid] 3917133682 [EditorId] 3917133682 [Version] 1048832 [Id] WindowsEditor(7,Edher) [Debug] 1 [PackageName] WindowsEditor [ProjectName] Editor" 

Player connection [21284] Host joined multi-casting on [225.0.0.222:54997]...
Player connection [21284] Host joined alternative multi-casting on [225.0.0.222:34997]...
JobSystem: Creating JobQueue using job-worker-count value 5
Input System module state changed to: Initialized.
[Physics::Module] Initialized fallback backend.
[Physics::Module] Id: 0xdecafbad
Library Redirect Path: Library/
Initialising UDS system complete:
  - System type: Client
  - Resource namespace: f955c78d2749ea761fcc61d7c0f58e01
  - Shared memory size: 1073741824
  - Command buffer id: 1052576
  - Command buffer size: 8192
  - Hashmap size: 4194304
  - Service connected: true
  - Service working directory: Library/DataStore/
[Physics::Module] Selected backend.
[Physics::Module] Name: PhysX
[Physics::Module] Id: 0xf2b8ea05
[Physics::Module] SDK Version: 4.1.2
[Physics::Module] Integration Version: 1.0.0
[Physics::Module] Threading Mode: Multi-Threaded
Refreshing native plugins compatible for Editor in 27.63 ms, found 5 plugins.
Initialize engine version: 6000.6.0f1 (f7f8ed4d1e24)
[EntityIdStore] init: VM path (explicit commit), pageSize=4096, blockCount=1048576, entitiesPerBlock=256, slots reserved=4294967296 bytes
[Subsystems] Discovering subsystems at path C:/Program Files/Unity/Hub/Editor/6000.6.0f1/Editor/Data/Resources/UnitySubsystems
[Subsystems] Discovering subsystems at path C:/Users/edher/Desktop/EdherUnity/Juego/Assets
Forcing GfxDevice: Direct3D 12
GfxDevice: creating device client; kGfxThreadingModeNonThreaded
d3d12: failed to query info queue interface (0x80004002).
Direct3D:
    Version:         Direct3D 12 [level 12.1]
    Renderer:        Intel(R) UHD Graphics 730 (ID=0x4692)
    Vendor:          Intel
    VRAM:            3966 MB
    App VRAM Budget: 3570 MB
    Driver:          32.0.101.7088
    Unified Memory Architecture
    Cache Coherent UMA
Initialize mono
Mono path[0] = 'C:/Program Files/Unity/Hub/Editor/6000.6.0f1/Editor/Data/Managed'
Mono path[1] = 'C:/Program Files/Unity/Hub/Editor/6000.6.0f1/Editor/Data/BCLExtensions/runtime/netstandard2.1'
Mono path[2] = 'C:/Program Files/Unity/Hub/Editor/6000.6.0f1/Editor/Data/MonoBleedingEdge/lib/mono/unityjit-win32'
Mono config path = 'C:/Program Files/Unity/Hub/Editor/6000.6.0f1/Editor/Data/MonoBleedingEdge/etc'
Using monoOptions --debugger-agent=transport=dt_socket,embedding=1,server=y,suspend=n,address=127.0.0.1:56344
CodeReloadManager initialized
Begin MonoManager ReloadAssembly
Registering precompiled unity dll's ...
Register platform support module: C:/Program Files/Unity/Hub/Editor/6000.6.0f1/Editor/Data/PlaybackEngines/WindowsStandaloneSupport/UnityEditor.WindowsStandalone.Extensions.dll
[Licensing::Module] Licensing is not yet initialized.
[Licensing::Client] Error: HandshakeResponse reported an error:
	ResponseCode: 505
	ResponseStatus: Unsupported protocol version '1.18.3'.
[Licensing::Module] Error: Failed to handshake to channel: "LicenseClient-Edher"
[Licensing::IpcConnector] LicenseClient-Edher channel disconnected successfully.
[Licensing::IpcConnector] Successfully connected to: "LicenseClient-Edher-6000.6.0" at "2026-09-09T20:37:52.9902047Z"
[Licensing::Client] Code 10 while verifying Licensing Client signature (process Id: 23112, path: "C:/Program Files/Unity/Hub/Editor/6000.6.0f1/Editor/Data/Resources/Licensing/Client/Unity.Licensing.Client.exe")
[Licensing::Module] LicensingClient has failed validation; ignoring
[Licensing::Client] Handshaking with LicensingClient:
  Version:                 1.18.3+d7ffd15
  Session Id:              aaa5bcd335844dcab361adb039eced49
  Correlation Id:          b5c872a38764f281d809590b8257b44e
  External correlation Id: 4936646251379968703
  Machine Id:              41Jf7XdW8A0fz8lSBrvPAOfi/1M=
[Licensing::Module] Successfully connected to LicensingClient on channel: "LicenseClient-Edher-6000.6.0" (connect: 0.00s, validation: 0.11s, handshake: 0.01s)
[Licensing::IpcConnector] Successfully connected to: "LicenseClient-Edher-6000.6.0-notifications" at "2026-09-09T20:37:53.1204216Z"
[Licensing::Module] Licensing Background thread has ended after 3.50s
[Licensing::Module] Licensing is initialized (took 1.01s).
[Licensing::Client] Successfully resolved entitlement details
[Licensing::Module] License group:
  Id: 4674243297487-UnityPersXXXX
  Product: Unity Personal
  Type: Assigned
  Expiration: Unlimited
Register platform support module: C:/Program Files/Unity/Hub/Editor/6000.6.0f1/Editor/Data/PlaybackEngines/AndroidPlayer/UnityEditor.Android.Extensions.dll
Registered in 1.040514 seconds.
Native extension for Android target not found
Native extension for WindowsStandalone target not found
Package Manager log level set to [2]
[Package Manager] Failed to launch server process. Reason: Unity was launched with the -noUpm command-line argument
[Package Manager] Unable to send message (not connected to server process).
[Package Manager] Cannot connect to Unity Package Manager local server
ScheduleIndexationOnStartup MainProcess:False IndexOnStartup:True
Scripting: successfully reloaded assembly
- Finished resetting the current domain, in  0.881 seconds
Domain Reload Profiling: 2778ms
	BeginReloadAssembly (234ms)
		CreateAndSetChildDomain (3ms)
	RebuildCommonClasses (9ms)
	RebuildNativeTypeToScriptingClass (39ms)
	initialDomainReloadingComplete (1237ms)
	LoadAllAssembliesAndSetupDomain (376ms)
		LoadAssemblies (228ms)
		TypeCache.Refresh (266ms)
			TypeCache.ScanAssembly (245ms)
		AnalyzeDomain (1ms)
	FinalizeReload (883ms)
		SetupLoadedEditorAssemblies (0ms)
			LogAssemblyErrors (3ms)
			InitializePlatformSupportModulesInManaged (15ms)
			BeforeProcessingInitializeOnLoad (144ms)
			ProcessInitializeOnLoadAttributes (111ms)
			ProcessInitializeOnLoadMethodAttributes (466ms)
Initializing Unity extensions:
[Licensing::Client] Successfully resolved entitlement details
========================================================================
Worker process is ready to serve import requests
Import Worker Mode flag is 0x00
Begin MonoManager ReloadAssembly
'Packages/com.unity.render-pipelines.core/Editor/Deprecated.cs' contains partial class of Unity.Object, exactly 1 of the partial classes needs to be in a file with the same filename. This is to know the one that can be referenced from ie. GameObjects
'Packages/com.unity.render-pipelines.core/Editor/Deprecated.cs' contains partial class of Unity.Object, exactly 1 of the partial classes needs to be in a file with the same filename. This is to know the one that can be referenced from ie. GameObjects
Refreshing native plugins compatible for Editor in 4.46 ms, found 5 plugins.
Native extension for Android target not found
Native extension for WindowsStandalone target not found
[Package Manager] Failed to launch server process. Reason: Unity was launched with the -noUpm command-line argument
[Package Manager] Unable to send message (not connected to server process).
[Package Manager] Cannot connect to Unity Package Manager local server
[Package Manager] Failed to launch server process. Reason: Unity was launched with the -noUpm command-line argument
[Package Manager] Unable to send message (not connected to server process).
[Package Manager] Cannot connect to Unity Package Manager local server
ScheduleIndexationOnStartup MainProcess:False IndexOnStartup:True
Scripting: successfully reloaded assembly
- Finished resetting the current domain, in  1.045 seconds
Domain Reload Profiling: 2286ms
	BeginReloadAssembly (278ms)
		DisableScriptedObjects (10ms)
		CreateAndSetChildDomain (41ms)
	RebuildCommonClasses (13ms)
	RebuildNativeTypeToScriptingClass (18ms)
	initialDomainReloadingComplete (80ms)
	LoadAllAssembliesAndSetupDomain (850ms)
		LoadAssemblies (547ms)
		TypeCache.Refresh (203ms)
			TypeCache.ScanAssembly (177ms)
		AnalyzeDomain (100ms)
			BuildScriptInfoCaches (93ms)
			ResolveRequiredComponents (5ms)
	FinalizeReload (1047ms)
		SetupLoadedEditorAssemblies (0ms)
			InitializePlatformSupportModulesInManaged (9ms)
			BeforeProcessingInitializeOnLoad (116ms)
			ProcessInitializeOnLoadAttributes (357ms)
			ProcessInitializeOnLoadMethodAttributes (317ms)
			AfterProcessingInitializeOnLoad (4ms)
		AwakeInstancesAfterBackupRestoration (8ms)
AcceleratorClientConnectionCallback - disconnected - :0
Launched and connected shader compiler UnityShaderCompiler.exe after 0.02 seconds
Unloading 24 Unused Serialized files (Serialized files now loaded: 0)
Unloading 7510 unused Assets / (7.2 MB). Loaded Objects now: 8475.
Memory consumption went from 366.1 MB to 358.9 MB.
Total: 11.967000 ms (FindLiveObjects: 2.293900 ms CreateObjectMapping: 0.626300 ms MarkObjects: 6.036800 ms  DeleteObjects: 2.665100 ms)

========================================================================
Received Prepare
AcceleratorClientConnectionCallback - disconnected - :0
Refreshing native plugins compatible for Editor in 9.53 ms, found 5 plugins.
Unloading 24 Unused Serialized files (Serialized files now loaded: 0)
Unloading 24 unused Assets / (2.9 MB). Loaded Objects now: 8475.
Memory consumption went from 358.2 MB to 355.3 MB.
Total: 529.722300 ms (FindLiveObjects: 12.600700 ms CreateObjectMapping: 2.733700 ms MarkObjects: 511.708600 ms  DeleteObjects: 1.859700 ms)

Prepare: number of updated asset objects reloaded= 0
========================================================================
Received Import Request.
  Time of request: 2026-09-09T21:31:55.6046735Z
  Time since last request: 688309.52481680002529 seconds.
  importAddress: GUID: c88efbaeadca9434a85b389de5d52472 - Path: Assets/New Physics Material 2D.physicsMaterial2D - Importer: ScriptedImporter/UnityEditor.QuickSearchModule:UnityEditor.Search:ASIAI0B
Importing 'GUID: c88efbaeadca9434a85b389de5d52472 - Path: Assets/New Physics Material 2D.physicsMaterial2D - Importer: ScriptedImporter/UnityEditor.QuickSearchModule:UnityEditor.Search:ASIAI0B' with importer (ScriptedImporter : UnityEditor.QuickSearchModule:UnityEditor.Search:ASIAI0B)
Imported 'GUID: c88efbaeadca9434a85b389de5d52472' -> (Import Result ID: '52d2300cdb78c57f27571532d1ef6df8') in 1.051 seconds [static and dynamic dependencies]. Details - ImportResultOutputID=be359b44e0afdd5bb7d069499a24c77d DependenciesID=3194c95211e6432b1990b3a73d903d98 StaticDependenciesID=24fd9d6612130198d2fee7b044ed2db9 
Number of updated asset objects reloaded before import = 0
Number of asset objects unloaded after import = 1
========================================================================
Received Prepare
AcceleratorClientConnectionCallback - disconnected - :0
Refreshing native plugins compatible for Editor in 5.73 ms, found 5 plugins.
Unloading 24 Unused Serialized files (Serialized files now loaded: 0)
Unloading 24 unused Assets / (2.9 MB). Loaded Objects now: 8477.
Memory consumption went from 362.3 MB to 359.3 MB.
Total: 435.603300 ms (FindLiveObjects: 8.232600 ms CreateObjectMapping: 2.881000 ms MarkObjects: 417.548800 ms  DeleteObjects: 4.021900 ms)

Prepare: number of updated asset objects reloaded= 0
========================================================================
Received Import Request.
  Time of request: 2026-09-09T21:59:11.0080265Z
  Time since last request: 1634.13184389999992 seconds.
  importAddress: GUID: f52a892027b840441ae1f7b2a479e1b9 - Path: Assets/Scripts - Importer: ScriptedImporter/UnityEditor.QuickSearchModule:UnityEditor.Search:ASIAI0B
Importing 'GUID: f52a892027b840441ae1f7b2a479e1b9 - Path: Assets/Scripts - Importer: ScriptedImporter/UnityEditor.QuickSearchModule:UnityEditor.Search:ASIAI0B' with importer (ScriptedImporter : UnityEditor.QuickSearchModule:UnityEditor.Search:ASIAI0B)
Imported 'GUID: f52a892027b840441ae1f7b2a479e1b9' -> (Import Result ID: '9666c03475374998409a5ecf7fb7a40b') in 0.166 seconds [static and dynamic dependencies]. Details - ImportResultOutputID=4008e54fc81e93b6346d11f2efa902fe DependenciesID=cd9a94aec0f0486b9babe5142fb078b9 StaticDependenciesID=3ffb9efd37193a624b7c4b1e4305172e 
Number of updated asset objects reloaded before import = 0
Number of asset objects unloaded after import = 1
========================================================================
Received Prepare
AcceleratorClientConnectionCallback - disconnected - :0
'Packages/com.unity.render-pipelines.core/Editor/Deprecated.cs' contains partial class of Unity.Object, exactly 1 of the partial classes needs to be in a file with the same filename. This is to know the one that can be referenced from ie. GameObjects
'Packages/com.unity.render-pipelines.core/Editor/Deprecated.cs' contains partial class of Unity.Object, exactly 1 of the partial classes needs to be in a file with the same filename. This is to know the one that can be referenced from ie. GameObjects
Unloading 24 Unused Serialized files (Serialized files now loaded: 0)
Unloading 7494 unused Assets / (6.1 MB). Loaded Objects now: 8478.
Memory consumption went from 367.6 MB to 361.5 MB.
Total: 14.138500 ms (FindLiveObjects: 1.360500 ms CreateObjectMapping: 1.015600 ms MarkObjects: 7.493000 ms  DeleteObjects: 3.790000 ms)

Prepare: number of updated asset objects reloaded= 0
========================================================================
Received Import Request.
  Time of request: 2026-09-09T21:59:50.8705446Z
  Time since last request: 39.6756363 seconds.
  importAddress: GUID: cb70efe8c13454d4fa2bd8e573862e60 - Path: Assets/Scripts/Player.cs - Importer: ScriptedImporter/UnityEditor.QuickSearchModule:UnityEditor.Search:ASIAI0B
Importing 'GUID: cb70efe8c13454d4fa2bd8e573862e60 - Path: Assets/Scripts/Player.cs - Importer: ScriptedImporter/UnityEditor.QuickSearchModule:UnityEditor.Search:ASIAI0B' with importer (ScriptedImporter : UnityEditor.QuickSearchModule:UnityEditor.Search:ASIAI0B)
Imported 'GUID: cb70efe8c13454d4fa2bd8e573862e60' -> (Import Result ID: 'd3bfe1e43511a97bd2f749f0de5597ff') in 0.459 seconds [static and dynamic dependencies]. Details - ImportResultOutputID=b3b0b7a190f300bef782908dcdfa21f0 DependenciesID=3010f68a9b391efd335bc37982b098b6 StaticDependenciesID=11baadaa427def594fc8ca7afbfe7301 
Number of updated asset objects reloaded before import = 0
Number of asset objects unloaded after import = 0
========================================================================
Received Prepare
AcceleratorClientConnectionCallback - disconnected - :0
[Licensing::Client] Successfully resolved entitlement details
Begin MonoManager ReloadAssembly
'Packages/com.unity.render-pipelines.core/Editor/Deprecated.cs' contains partial class of Unity.Object, exactly 1 of the partial classes needs to be in a file with the same filename. This is to know the one that can be referenced from ie. GameObjects
'Packages/com.unity.render-pipelines.core/Editor/Deprecated.cs' contains partial class of Unity.Object, exactly 1 of the partial classes needs to be in a file with the same filename. This is to know the one that can be referenced from ie. GameObjects
Refreshing native plugins compatible for Editor in 3.07 ms, found 5 plugins.
[Licensing::Client] Successfully resolved entitlement details
Native extension for Android target not found
Native extension for WindowsStandalone target not found
[Package Manager] Failed to launch server process. Reason: Unity was launched with the -noUpm command-line argument
[Package Manager] Unable to send message (not connected to server process).
[Package Manager] Cannot connect to Unity Package Manager local server
[Package Manager] Failed to launch server process. Reason: Unity was launched with the -noUpm command-line argument
[Package Manager] Unable to send message (not connected to server process).
[Package Manager] Cannot connect to Unity Package Manager local server
ScheduleIndexationOnStartup MainProcess:False IndexOnStartup:True
Scripting: successfully reloaded assembly
- Finished resetting the current domain, in  1.095 seconds
Domain Reload Profiling: 5264ms
	BeginReloadAssembly (1581ms)
		ExecutionOrderSort (9ms)
		DisableScriptedObjects (291ms)
		ReleaseScriptingObjects (3ms)
		CreateAndSetChildDomain (520ms)
	RebuildCommonClasses (17ms)
	RebuildNativeTypeToScriptingClass (26ms)
	initialDomainReloadingComplete (167ms)
	LoadAllAssembliesAndSetupDomain (2377ms)
		LoadAssemblies (1403ms)
		TypeCache.Refresh (446ms)
			TypeCache.ScanAssembly (330ms)
		AnalyzeDomain (458ms)
			BuildScriptInfoCaches (436ms)
			ResolveRequiredComponents (12ms)
	FinalizeReload (1096ms)
		SetupLoadedEditorAssemblies (0ms)
			LogAssemblyErrors (5ms)
			InitializePlatformSupportModulesInManaged (12ms)
			BeforeProcessingInitializeOnLoad (176ms)
			ProcessInitializeOnLoadAttributes (413ms)
			ProcessInitializeOnLoadMethodAttributes (116ms)
			AfterProcessingInitializeOnLoad (6ms)
		AwakeInstancesAfterBackupRestoration (29ms)
Unloading 24 Unused Serialized files (Serialized files now loaded: 0)
Unloading 7509 unused Assets / (7.9 MB). Loaded Objects now: 8482.
Memory consumption went from 364.6 MB to 356.7 MB.
Total: 15.074500 ms (FindLiveObjects: 1.809100 ms CreateObjectMapping: 0.618000 ms MarkObjects: 8.767000 ms  DeleteObjects: 3.253600 ms)

Prepare: number of updated asset objects reloaded= 0
========================================================================
Received Import Request.
  Time of request: 2026-09-09T22:01:00.8257158Z
  Time since last request: 69.48168920000001 seconds.
  importAddress: GUID: cb70efe8c13454d4fa2bd8e573862e60 - Path: Assets/Scripts/Player.cs - Importer: PreviewImporter
Importing 'GUID: cb70efe8c13454d4fa2bd8e573862e60 - Path: Assets/Scripts/Player.cs - Importer: PreviewImporter' with importer (PreviewImporter)
Imported 'GUID: cb70efe8c13454d4fa2bd8e573862e60' -> (Import Result ID: '90190838da65b220fd2aed63dac4d650') in 0.026 seconds [static and dynamic dependencies]. Details - ImportResultOutputID=19cba8506bc02e53ec8132f6f57b9d69 DependenciesID=f98360456f9b8d06a771ab6e83097d62 StaticDependenciesID=8483c56f93af96868385a437a0c7d096 
Number of updated asset objects reloaded before import = 0
Number of asset objects unloaded after import = 0
========================================================================
Received Prepare
AcceleratorClientConnectionCallback - disconnected - :0
Refreshing native plugins compatible for Editor in 11.21 ms, found 5 plugins.
Unloading 24 Unused Serialized files (Serialized files now loaded: 0)
Unloading 24 unused Assets / (2.9 MB). Loaded Objects now: 8482.
Memory consumption went from 359.5 MB to 356.5 MB.
Total: 706.117600 ms (FindLiveObjects: 14.942300 ms CreateObjectMapping: 4.250300 ms MarkObjects: 683.916700 ms  DeleteObjects: 1.276200 ms)

Prepare: number of updated asset objects reloaded= 0
Editor requested this worker to shutdown with reason: Editor is closing down
AssetImportWorkerClient::OnTransportError - code=2 error=End of file
AcceleratorClientConnectionCallback - disconnected - :0
AssetImportWorker is now disconnected from the server
Process exiting
[ExitDontLaunchBugReporter] Exiting without the bug reporter. Application will exit with return code 0
