[Licensing::Module] Trying to connect to existing licensing client channel...
[Licensing::IpcConnector] Successfully connected to: "LicenseClient-Edher" at "2026-09-10T02:24:39.9798989Z"
Built from '6000.6/respin/6000.6.0f1-fa21a270ab12' branch; Version is '6000.6.0f1 (f7f8ed4d1e24) revision 16251117'; Using compiler version '194234433'; Build Type 'Release'
OS: 'Windows 11  (10.0.26200) Professional' Language: 'es' Physical Memory: 7933 MB
BatchMode: 1, IsHumanControllingUs: 0, StartBugReporterOnCrash: 0, Is64bit: 1
System  architecture: x64
Process architecture: x64
Date: 2026-09-10T02:24:39Z

COMMAND LINE ARGUMENTS:
C:\Program Files\Unity\Hub\Editor\6000.6.0f1\Editor\Unity.exe
-adb2
-batchMode
-noUpm
-name
AssetImportWorkerHW0
-projectPath
C:/Users/edher/Desktop/EdherUnity/Juego
-logFile
Logs/AssetImportWorkerHW0.log
-srvPort
63633
-parentPid
25688
-analyticsCloudUserId
anonymous
-analyticsCloudProjectId
d0c1d6c6-fe5a-420c-bcfb-77216588f533
-analyticsLocalProjectId
86e64a3b7b3a6df4d94e08c53d07f26e
-editorAnalyticsEnabled
1
-cbmEditorLicense
f9d5598ab516e50d9d9608988479e51d24174db0
-cbmMachineId
41Jf7XdW8A0fz8lSBrvPAOfi/1M=
-licensingIpc
LicenseClient-Edher
-noDiagnosticSwitchPersistentStore
-job-worker-count
5
-background-job-worker-count
8
-asset-garbage-collectors
1
-force-d3d12
-name
AssetImport
Successfully changed project path to: C:/Users/edher/Desktop/EdherUnity/Juego
C:/Users/edher/Desktop/EdherUnity/Juego
[UnityMemory] Configuration Parameters - Can be set up in boot.config
    "memorysetup-temp-allocator-size-gi-baking-worker=262144"
    "memorysetup-temp-allocator-size-gi-baking-worker=262144"
    "memorysetup-temp-allocator-size-gi-baking-worker=262144"
    "memorysetup-temp-allocator-size-gi-baking-worker=262144"
    "memorysetup-temp-allocator-size-gi-baking-worker=262144"
    "memorysetup-temp-allocator-size-nav-mesh-worker=65536"
    "memorysetup-temp-allocator-size-audio-worker=65536"
    "memorysetup-temp-allocator-size-cloud-worker=32768"
    "memorysetup-temp-allocator-size-gfx=262144"
    "memorysetup-remapper-allocator-initial-capacity=32768"
    "memorysetup-temp-allocator-size-preload-manager=33554432"
    "memorysetup-allocator-temp-initial-block-size-main=262144"
    "memorysetup-allocator-temp-initial-block-size-worker=262144"
    "memorysetup-temp-allocator-size-job-worker=262144"
    "memorysetup-temp-allocator-size-background-worker=32768"
    "memorysetup-bucket-allocator-granularity=16"
    "memorysetup-bucket-allocator-bucket-count=8"
    "memorysetup-bucket-allocator-block-size=33554432"
    "memorysetup-bucket-allocator-block-count=8"
    "memorysetup-main-allocator-block-size=16777216"
    "memorysetup-thread-allocator-block-size=16777216"
    "memorysetup-main-allocator-mimalloc-enabled=1"
    "memorysetup-gfx-main-allocator-block-size=16777216"
    "memorysetup-gfx-thread-allocator-block-size=16777216"
    "memorysetup-cache-allocator-block-size=4194304"
    "memorysetup-typetree-allocator-block-size=2097152"
    "memorysetup-profiler-bucket-allocator-granularity=16"
    "memorysetup-profiler-bucket-allocator-bucket-count=8"
    "memorysetup-profiler-bucket-allocator-block-size=33554432"
    "memorysetup-profiler-bucket-allocator-block-count=8"
    "memorysetup-profiler-allocator-block-size=16777216"
    "memorysetup-profiler-editor-allocator-block-size=1048576"
    "memorysetup-temp-allocator-size-main=16777216"
    "memorysetup-job-temp-allocator-block-size=2097152"
    "memorysetup-job-temp-allocator-block-size-background=1048576"
    "memorysetup-job-temp-allocator-reduction-small-platforms=262144"
Player connection [21616]  Target information:

Player connection [21616]  * "[IP] 192.168.18.52 [Port] 0 [Flags] 2 [Guid] 1470129327 [EditorId] 1470129327 [Version] 1048832 [Id] WindowsEditor(7,Edher) [Debug] 1 [PackageName] WindowsEditor [ProjectName] Editor" 

Player connection [21616] Host joined multi-casting on [225.0.0.222:54997]...
Player connection [21616] Host joined alternative multi-casting on [225.0.0.222:34997]...
JobSystem: Creating JobQueue using job-worker-count value 5
Input System module state changed to: Initialized.
[Physics::Module] Initialized fallback backend.
[Physics::Module] Id: 0xdecafbad
Library Redirect Path: Library/
Initialising UDS system complete:
  - System type: Client
  - Resource namespace: f955c78d2749ea761fcc61d7c0f58e01
  - Shared memory size: 1073741824
  - Command buffer id: 1052576
  - Command buffer size: 8192
  - Hashmap size: 4194304
  - Service connected: true
  - Service working directory: Library/DataStore/
[Physics::Module] Selected backend.
[Physics::Module] Name: PhysX
[Physics::Module] Id: 0xf2b8ea05
[Physics::Module] SDK Version: 4.1.2
[Physics::Module] Integration Version: 1.0.0
[Physics::Module] Threading Mode: Multi-Threaded
Refreshing native plugins compatible for Editor in 21.11 ms, found 5 plugins.
Initialize engine version: 6000.6.0f1 (f7f8ed4d1e24)
[EntityIdStore] init: VM path (explicit commit), pageSize=4096, blockCount=1048576, entitiesPerBlock=256, slots reserved=4294967296 bytes
[Subsystems] Discovering subsystems at path C:/Program Files/Unity/Hub/Editor/6000.6.0f1/Editor/Data/Resources/UnitySubsystems
[Subsystems] Discovering subsystems at path C:/Users/edher/Desktop/EdherUnity/Juego/Assets
Forcing GfxDevice: Direct3D 12
GfxDevice: creating device client; kGfxThreadingModeNonThreaded
d3d12: failed to query info queue interface (0x80004002).
Direct3D:
    Version:         Direct3D 12 [level 12.1]
    Renderer:        Intel(R) UHD Graphics 730 (ID=0x4692)
    Vendor:          Intel
    VRAM:            3966 MB
    App VRAM Budget: 3570 MB
    Driver:          32.0.101.7088
    Unified Memory Architecture
    Cache Coherent UMA
Initialize mono
Mono path[0] = 'C:/Program Files/Unity/Hub/Editor/6000.6.0f1/Editor/Data/Managed'
Mono path[1] = 'C:/Program Files/Unity/Hub/Editor/6000.6.0f1/Editor/Data/BCLExtensions/runtime/netstandard2.1'
Mono path[2] = 'C:/Program Files/Unity/Hub/Editor/6000.6.0f1/Editor/Data/MonoBleedingEdge/lib/mono/unityjit-win32'
Mono config path = 'C:/Program Files/Unity/Hub/Editor/6000.6.0f1/Editor/Data/MonoBleedingEdge/etc'
Using monoOptions --debugger-agent=transport=dt_socket,embedding=1,server=y,suspend=n,address=127.0.0.1:56220
CodeReloadManager initialized
Begin MonoManager ReloadAssembly
Registering precompiled unity dll's ...
Register platform support module: C:/Program Files/Unity/Hub/Editor/6000.6.0f1/Editor/Data/PlaybackEngines/WindowsStandaloneSupport/UnityEditor.WindowsStandalone.Extensions.dll
[Licensing::Module] Licensing is not yet initialized.
[Licensing::Client] Error: HandshakeResponse reported an error:
	ResponseCode: 505
	ResponseStatus: Unsupported protocol version '1.18.3'.
[Licensing::Module] Error: Failed to handshake to channel: "LicenseClient-Edher"
[Licensing::IpcConnector] LicenseClient-Edher channel disconnected successfully.
[Licensing::IpcConnector] Successfully connected to: "LicenseClient-Edher-6000.6.0" at "2026-09-10T02:24:43.0476276Z"
[Licensing::Client] Code 10 while verifying Licensing Client signature (process Id: 15504, path: "C:/Program Files/Unity/Hub/Editor/6000.6.0f1/Editor/Data/Resources/Licensing/Client/Unity.Licensing.Client.exe")
[Licensing::Module] LicensingClient has failed validation; ignoring
[Licensing::Client] Handshaking with LicensingClient:
  Version:                 1.18.3+d7ffd15
  Session Id:              bfee801d67074469ae19d29518a23dc0
  Correlation Id:          8d4afd8c45635e4228042aa77de5c711
  External correlation Id: 512147598950400525
  Machine Id:              41Jf7XdW8A0fz8lSBrvPAOfi/1M=
[Licensing::Module] Successfully connected to LicensingClient on channel: "LicenseClient-Edher-6000.6.0" (connect: 0.00s, validation: 0.01s, handshake: 0.02s)
[Licensing::IpcConnector] Successfully connected to: "LicenseClient-Edher-6000.6.0-notifications" at "2026-09-10T02:24:43.0797153Z"
[Licensing::Module] Licensing Background thread has ended after 3.10s
[Licensing::Module] Licensing is initialized (took 0.99s).
[Licensing::Client] Successfully resolved entitlement details
[Licensing::Module] License group:
  Id: 4674243297487-UnityPersXXXX
  Product: Unity Personal
  Type: Assigned
  Expiration: Unlimited
Register platform support module: C:/Program Files/Unity/Hub/Editor/6000.6.0f1/Editor/Data/PlaybackEngines/AndroidPlayer/UnityEditor.Android.Extensions.dll
Registered in 1.000930 seconds.
Native extension for Android target not found
Native extension for WindowsStandalone target not found
Package Manager log level set to [2]
[Package Manager] Failed to launch server process. Reason: Unity was launched with the -noUpm command-line argument
[Package Manager] Unable to send message (not connected to server process).
[Package Manager] Cannot connect to Unity Package Manager local server
ScheduleIndexationOnStartup MainProcess:False IndexOnStartup:True
Scripting: successfully reloaded assembly
- Finished resetting the current domain, in  1.004 seconds
Domain Reload Profiling: 2831ms
	BeginReloadAssembly (265ms)
		CreateAndSetChildDomain (3ms)
	RebuildCommonClasses (11ms)
	RebuildNativeTypeToScriptingClass (51ms)
	initialDomainReloadingComplete (1098ms)
	LoadAllAssembliesAndSetupDomain (400ms)
		LoadAssemblies (257ms)
		TypeCache.Refresh (263ms)
			TypeCache.ScanAssembly (241ms)
		AnalyzeDomain (1ms)
	FinalizeReload (1006ms)
		SetupLoadedEditorAssemblies (0ms)
			InitializePlatformSupportModulesInManaged (8ms)
			BeforeProcessingInitializeOnLoad (124ms)
			ProcessInitializeOnLoadAttributes (139ms)
			ProcessInitializeOnLoadMethodAttributes (638ms)
Initializing Unity extensions:
[Licensing::Client] Successfully resolved entitlement details
========================================================================
Worker process is ready to serve import requests
Import Worker Mode flag is 0x00
Begin MonoManager ReloadAssembly
'Packages/com.unity.render-pipelines.core/Editor/Deprecated.cs' contains partial class of Unity.Object, exactly 1 of the partial classes needs to be in a file with the same filename. This is to know the one that can be referenced from ie. GameObjects
'Packages/com.unity.render-pipelines.core/Editor/Deprecated.cs' contains partial class of Unity.Object, exactly 1 of the partial classes needs to be in a file with the same filename. This is to know the one that can be referenced from ie. GameObjects
Refreshing native plugins compatible for Editor in 5.54 ms, found 5 plugins.
Native extension for Android target not found
Native extension for WindowsStandalone target not found
[Package Manager] Failed to launch server process. Reason: Unity was launched with the -noUpm command-line argument
[Package Manager] Unable to send message (not connected to server process).
[Package Manager] Cannot connect to Unity Package Manager local server
Refreshing native plugins compatible for Editor in 8.74 ms, found 5 plugins.
[Package Manager] Failed to launch server process. Reason: Unity was launched with the -noUpm command-line argument
[Package Manager] Unable to send message (not connected to server process).
[Package Manager] Cannot connect to Unity Package Manager local server
ScheduleIndexationOnStartup MainProcess:False IndexOnStartup:True
Scripting: successfully reloaded assembly
- Finished resetting the current domain, in  3.839 seconds
Domain Reload Profiling: 6715ms
	BeginReloadAssembly (595ms)
		DisableScriptedObjects (81ms)
		CreateAndSetChildDomain (82ms)
	RebuildCommonClasses (9ms)
	RebuildNativeTypeToScriptingClass (16ms)
	initialDomainReloadingComplete (152ms)
	LoadAllAssembliesAndSetupDomain (2103ms)
		LoadAssemblies (1192ms)
		TypeCache.Refresh (618ms)
			TypeCache.ScanAssembly (551ms)
		AnalyzeDomain (127ms)
			BuildScriptInfoCaches (117ms)
			ResolveRequiredComponents (7ms)
	FinalizeReload (3841ms)
		SetupLoadedEditorAssemblies (0ms)
			InitializePlatformSupportModulesInManaged (15ms)
			BeforeProcessingInitializeOnLoad (483ms)
			ProcessInitializeOnLoadAttributes (1205ms)
			ProcessInitializeOnLoadMethodAttributes (1682ms)
			AfterProcessingInitializeOnLoad (6ms)
			EditorAssembliesLoaded (3ms)
		AwakeInstancesAfterBackupRestoration (11ms)
AcceleratorClientConnectionCallback - disconnected - :0
Launched and connected shader compiler UnityShaderCompiler.exe after 0.02 seconds
Refreshing native plugins compatible for Editor in 4.39 ms, found 5 plugins.
Unloading 24 Unused Serialized files (Serialized files now loaded: 0)
Unloading 7511 unused Assets / (9.1 MB). Loaded Objects now: 8476.
Memory consumption went from 368.0 MB to 358.9 MB.
Total: 14.911900 ms (FindLiveObjects: 1.409700 ms CreateObjectMapping: 0.548300 ms MarkObjects: 8.673600 ms  DeleteObjects: 3.902300 ms)

========================================================================
Received Prepare
AcceleratorClientConnectionCallback - disconnected - :0
Refreshing native plugins compatible for Editor in 2.84 ms, found 5 plugins.
Unloading 24 Unused Serialized files (Serialized files now loaded: 0)
Unloading 24 unused Assets / (3.0 MB). Loaded Objects now: 8476.
Memory consumption went from 360.2 MB to 357.2 MB.
Total: 10.151700 ms (FindLiveObjects: 0.610400 ms CreateObjectMapping: 0.206200 ms MarkObjects: 7.596700 ms  DeleteObjects: 1.325400 ms)

Prepare: number of updated asset objects reloaded= 0
========================================================================
Received Prepare
AcceleratorClientConnectionCallback - disconnected - :0
Begin MonoManager ReloadAssembly
'Packages/com.unity.render-pipelines.core/Editor/Deprecated.cs' contains partial class of Unity.Object, exactly 1 of the partial classes needs to be in a file with the same filename. This is to know the one that can be referenced from ie. GameObjects
'Packages/com.unity.render-pipelines.core/Editor/Deprecated.cs' contains partial class of Unity.Object, exactly 1 of the partial classes needs to be in a file with the same filename. This is to know the one that can be referenced from ie. GameObjects
Refreshing native plugins compatible for Editor in 3.42 ms, found 5 plugins.
Native extension for Android target not found
Native extension for WindowsStandalone target not found
[Package Manager] Failed to launch server process. Reason: Unity was launched with the -noUpm command-line argument
[Package Manager] Unable to send message (not connected to server process).
[Package Manager] Cannot connect to Unity Package Manager local server
[Package Manager] Failed to launch server process. Reason: Unity was launched with the -noUpm command-line argument
[Package Manager] Unable to send message (not connected to server process).
[Package Manager] Cannot connect to Unity Package Manager local server
ScheduleIndexationOnStartup MainProcess:False IndexOnStartup:True
Scripting: successfully reloaded assembly
- Finished resetting the current domain, in  0.826 seconds
Domain Reload Profiling: 3013ms
	BeginReloadAssembly (877ms)
		ExecutionOrderSort (3ms)
		DisableScriptedObjects (155ms)
		ReleaseScriptingObjects (4ms)
		CreateAndSetChildDomain (287ms)
	RebuildCommonClasses (15ms)
	RebuildNativeTypeToScriptingClass (16ms)
	initialDomainReloadingComplete (109ms)
	LoadAllAssembliesAndSetupDomain (1169ms)
		LoadAssemblies (933ms)
		TypeCache.Refresh (42ms)
		AnalyzeDomain (38ms)
			ResolveRequiredComponents (8ms)
	FinalizeReload (827ms)
		SetupLoadedEditorAssemblies (0ms)
			LogAssemblyErrors (5ms)
			InitializePlatformSupportModulesInManaged (8ms)
			BeforeProcessingInitializeOnLoad (103ms)
			ProcessInitializeOnLoadAttributes (326ms)
			ProcessInitializeOnLoadMethodAttributes (100ms)
			AfterProcessingInitializeOnLoad (7ms)
		AwakeInstancesAfterBackupRestoration (22ms)
Refreshing native plugins compatible for Editor in 3.08 ms, found 5 plugins.
Unloading 24 Unused Serialized files (Serialized files now loaded: 0)
Unloading 7509 unused Assets / (7.2 MB). Loaded Objects now: 8480.
Memory consumption went from 359.5 MB to 352.3 MB.
Total: 13.638000 ms (FindLiveObjects: 1.947500 ms CreateObjectMapping: 1.110600 ms MarkObjects: 7.932600 ms  DeleteObjects: 1.893500 ms)

Prepare: number of updated asset objects reloaded= 0
========================================================================
Received Import Request.
  Time of request: 2026-09-10T02:26:43.2599435Z
  Time since last request: 705997.36169179994613 seconds.
  importAddress: GUID: 8c9cfa26abfee488c85f1582747f6a02 - Path: Assets/Scenes/SampleScene.unity - Importer: ScriptedImporter/UnityEditor.QuickSearchModule:UnityEditor.Search:ASIAI0B
Importing 'GUID: 8c9cfa26abfee488c85f1582747f6a02 - Path: Assets/Scenes/SampleScene.unity - Importer: ScriptedImporter/UnityEditor.QuickSearchModule:UnityEditor.Search:ASIAI0B' with importer (ScriptedImporter : UnityEditor.QuickSearchModule:UnityEditor.Search:ASIAI0B)
Imported 'GUID: 8c9cfa26abfee488c85f1582747f6a02' -> (Import Result ID: 'bdb34ecaffdf5f820abb37ca26625517') in 1.290 seconds [static and dynamic dependencies]. Details - ImportResultOutputID=70b9788847b689b93be3f491a249b449 DependenciesID=1e47383c98f549901e1f1db065ad0776 StaticDependenciesID=a3d3d2576d0f2ea973b5fd8b14281252 
Number of updated asset objects reloaded before import = 0
Number of asset objects unloaded after import = 1
========================================================================
Received Import Request.
  Time of request: 2026-09-10T02:26:44.8891863Z
  Time since last request: 0.005017 seconds.
  importAddress: GUID: 6ad595cda12b2a74ca65a0d8d2a91be0 - Path: Assets/Animations/Player/Player.controller - Importer: ScriptedImporter/UnityEditor.QuickSearchModule:UnityEditor.Search:ASIAI0B
Importing 'GUID: 6ad595cda12b2a74ca65a0d8d2a91be0 - Path: Assets/Animations/Player/Player.controller - Importer: ScriptedImporter/UnityEditor.QuickSearchModule:UnityEditor.Search:ASIAI0B' with importer (ScriptedImporter : UnityEditor.QuickSearchModule:UnityEditor.Search:ASIAI0B)
Imported 'GUID: 6ad595cda12b2a74ca65a0d8d2a91be0' -> (Import Result ID: '5c3a1df5a73ee90d79184879670f93ab') in 0.282 seconds [static and dynamic dependencies]. Details - ImportResultOutputID=08a82427b6c20c00480d858ae68c8960 DependenciesID=5ea9e8dd4d1a31e7c9f99a8bed781dbf StaticDependenciesID=6de877b3e50bdcd1fb40ecb552cb4491 
Number of updated asset objects reloaded before import = 0
Number of asset objects unloaded after import = 16
========================================================================
Received Import Request.
  Time of request: 2026-09-10T02:26:45.2022849Z
  Time since last request: 0.0021862 seconds.
  importAddress: GUID: cb70efe8c13454d4fa2bd8e573862e60 - Path: Assets/Scripts/Player.cs - Importer: ScriptedImporter/UnityEditor.QuickSearchModule:UnityEditor.Search:ASIAI0B
Importing 'GUID: cb70efe8c13454d4fa2bd8e573862e60 - Path: Assets/Scripts/Player.cs - Importer: ScriptedImporter/UnityEditor.QuickSearchModule:UnityEditor.Search:ASIAI0B' with importer (ScriptedImporter : UnityEditor.QuickSearchModule:UnityEditor.Search:ASIAI0B)
Imported 'GUID: cb70efe8c13454d4fa2bd8e573862e60' -> (Import Result ID: '6a9aa6f64ffc668337474ea69bea61b7') in 0.547 seconds [static and dynamic dependencies]. Details - ImportResultOutputID=bb6c16e1168aa3bdc700a07a5fb63648 DependenciesID=560383c3419954e8bf0980754d72986d StaticDependenciesID=3e049c7d398ab043be7b24c3c694bba4 
Number of updated asset objects reloaded before import = 0
Number of asset objects unloaded after import = 0
========================================================================
Received Prepare
AcceleratorClientConnectionCallback - disconnected - :0
'Packages/com.unity.render-pipelines.core/Editor/Deprecated.cs' contains partial class of Unity.Object, exactly 1 of the partial classes needs to be in a file with the same filename. This is to know the one that can be referenced from ie. GameObjects
'Packages/com.unity.render-pipelines.core/Editor/Deprecated.cs' contains partial class of Unity.Object, exactly 1 of the partial classes needs to be in a file with the same filename. This is to know the one that can be referenced from ie. GameObjects
Refreshing native plugins compatible for Editor in 6.17 ms, found 5 plugins.
Unloading 24 Unused Serialized files (Serialized files now loaded: 0)
Unloading 7495 unused Assets / (10.6 MB). Loaded Objects now: 8483.
Memory consumption went from 358.8 MB to 348.2 MB.
Total: 439.053400 ms (FindLiveObjects: 13.418500 ms CreateObjectMapping: 1.195500 ms MarkObjects: 410.313400 ms  DeleteObjects: 12.234400 ms)

Prepare: number of updated asset objects reloaded= 0
========================================================================
Received Prepare
AcceleratorClientConnectionCallback - disconnected - :0
[Licensing::Client] Successfully resolved entitlement details
Begin MonoManager ReloadAssembly
'Packages/com.unity.render-pipelines.core/Editor/Deprecated.cs' contains partial class of Unity.Object, exactly 1 of the partial classes needs to be in a file with the same filename. This is to know the one that can be referenced from ie. GameObjects
'Packages/com.unity.render-pipelines.core/Editor/Deprecated.cs' contains partial class of Unity.Object, exactly 1 of the partial classes needs to be in a file with the same filename. This is to know the one that can be referenced from ie. GameObjects
Refreshing native plugins compatible for Editor in 9.34 ms, found 5 plugins.
[Licensing::Client] Successfully resolved entitlement details
Native extension for Android target not found
Native extension for WindowsStandalone target not found
[Package Manager] Failed to launch server process. Reason: Unity was launched with the -noUpm command-line argument
[Package Manager] Unable to send message (not connected to server process).
[Package Manager] Cannot connect to Unity Package Manager local server
[Package Manager] Failed to launch server process. Reason: Unity was launched with the -noUpm command-line argument
[Package Manager] Unable to send message (not connected to server process).
[Package Manager] Cannot connect to Unity Package Manager local server
ScheduleIndexationOnStartup MainProcess:False IndexOnStartup:True
Scripting: successfully reloaded assembly
- Finished resetting the current domain, in  0.982 seconds
Domain Reload Profiling: 4800ms
	BeginReloadAssembly (1970ms)
		ExecutionOrderSort (8ms)
		DisableScriptedObjects (444ms)
		ReleaseScriptingObjects (5ms)
		CreateAndSetChildDomain (484ms)
	RebuildCommonClasses (16ms)
	RebuildNativeTypeToScriptingClass (25ms)
	initialDomainReloadingComplete (155ms)
	LoadAllAssembliesAndSetupDomain (1651ms)
		LoadAssemblies (1138ms)
		TypeCache.Refresh (55ms)
		AnalyzeDomain (452ms)
			BuildScriptInfoCaches (415ms)
			ResolveRequiredComponents (10ms)
	FinalizeReload (983ms)
		SetupLoadedEditorAssemblies (0ms)
			LogAssemblyErrors (4ms)
			InitializePlatformSupportModulesInManaged (9ms)
			BeforeProcessingInitializeOnLoad (127ms)
			ProcessInitializeOnLoadAttributes (368ms)
			ProcessInitializeOnLoadMethodAttributes (132ms)
			AfterProcessingInitializeOnLoad (6ms)
			EditorAssembliesLoaded (4ms)
		AwakeInstancesAfterBackupRestoration (36ms)
Refreshing native plugins compatible for Editor in 2.74 ms, found 5 plugins.
Unloading 24 Unused Serialized files (Serialized files now loaded: 0)
Unloading 7510 unused Assets / (7.8 MB). Loaded Objects now: 8486.
Memory consumption went from 364.0 MB to 356.2 MB.
Total: 18.075300 ms (FindLiveObjects: 2.046300 ms CreateObjectMapping: 0.894400 ms MarkObjects: 11.870300 ms  DeleteObjects: 2.743900 ms)

Prepare: number of updated asset objects reloaded= 0
========================================================================
Received Prepare
AcceleratorClientConnectionCallback - disconnected - :0
[Licensing::Client] Successfully resolved entitlement details
Begin MonoManager ReloadAssembly
'Packages/com.unity.render-pipelines.core/Editor/Deprecated.cs' contains partial class of Unity.Object, exactly 1 of the partial classes needs to be in a file with the same filename. This is to know the one that can be referenced from ie. GameObjects
'Packages/com.unity.render-pipelines.core/Editor/Deprecated.cs' contains partial class of Unity.Object, exactly 1 of the partial classes needs to be in a file with the same filename. This is to know the one that can be referenced from ie. GameObjects
[Licensing::Client] Successfully resolved entitlement details
Native extension for Android target not found
Native extension for WindowsStandalone target not found
[Package Manager] Failed to launch server process. Reason: Unity was launched with the -noUpm command-line argument
[Package Manager] Unable to send message (not connected to server process).
[Package Manager] Cannot connect to Unity Package Manager local server
[Package Manager] Failed to launch server process. Reason: Unity was launched with the -noUpm command-line argument
[Package Manager] Unable to send message (not connected to server process).
[Package Manager] Cannot connect to Unity Package Manager local server
ScheduleIndexationOnStartup MainProcess:False IndexOnStartup:True
Scripting: successfully reloaded assembly
- Finished resetting the current domain, in  1.096 seconds
Domain Reload Profiling: 6343ms
	BeginReloadAssembly (2528ms)
		ExecutionOrderSort (9ms)
		DisableScriptedObjects (460ms)
		ReleaseScriptingObjects (7ms)
		CreateAndSetChildDomain (828ms)
	RebuildCommonClasses (10ms)
	RebuildNativeTypeToScriptingClass (20ms)
	initialDomainReloadingComplete (370ms)
	LoadAllAssembliesAndSetupDomain (2316ms)
		LoadAssemblies (1712ms)
		TypeCache.Refresh (112ms)
		AnalyzeDomain (516ms)
			BuildScriptInfoCaches (475ms)
			ResolveRequiredComponents (8ms)
	FinalizeReload (1099ms)
		SetupLoadedEditorAssemblies (0ms)
			LogAssemblyErrors (10ms)
			InitializePlatformSupportModulesInManaged (12ms)
			BeforeProcessingInitializeOnLoad (149ms)
			ProcessInitializeOnLoadAttributes (411ms)
			ProcessInitializeOnLoadMethodAttributes (126ms)
			AfterProcessingInitializeOnLoad (5ms)
			EditorAssembliesLoaded (4ms)
		AwakeInstancesAfterBackupRestoration (32ms)
Refreshing native plugins compatible for Editor in 3.15 ms, found 5 plugins.
Unloading 24 Unused Serialized files (Serialized files now loaded: 0)
Unloading 7510 unused Assets / (5.5 MB). Loaded Objects now: 8489.
Memory consumption went from 367.7 MB to 362.2 MB.
Total: 14.640900 ms (FindLiveObjects: 2.240500 ms CreateObjectMapping: 1.013900 ms MarkObjects: 8.749000 ms  DeleteObjects: 1.809300 ms)

Prepare: number of updated asset objects reloaded= 0
========================================================================
Received Prepare
AcceleratorClientConnectionCallback - disconnected - :0
Refreshing native plugins compatible for Editor in 6.53 ms, found 5 plugins.
Unloading 24 Unused Serialized files (Serialized files now loaded: 0)
Unloading 24 unused Assets / (2.9 MB). Loaded Objects now: 8489.
Memory consumption went from 364.4 MB to 361.5 MB.
Total: 380.015800 ms (FindLiveObjects: 10.093000 ms CreateObjectMapping: 1.121900 ms MarkObjects: 365.317800 ms  DeleteObjects: 2.260500 ms)

Prepare: number of updated asset objects reloaded= 0
========================================================================
Received Import Request.
  Time of request: 2026-09-10T02:33:47.1277201Z
  Time since last request: 421.39134760000002 seconds.
  importAddress: GUID: e22b054918bc42147b27a7317a817014 - Path: Assets/Sprites/Berie's_Adventure_Seaside_Asset_Pack_Free/Spritesheet/collectibles_coin_gold.png - Importer: PreviewImporter
Importing 'GUID: e22b054918bc42147b27a7317a817014 - Path: Assets/Sprites/Berie's_Adventure_Seaside_Asset_Pack_Free/Spritesheet/collectibles_coin_gold.png - Importer: PreviewImporter' with importer (PreviewImporter)
[Licensing::Client] Successfully resolved entitlement details
Imported 'GUID: e22b054918bc42147b27a7317a817014' -> (Import Result ID: '74cffe8b94eef548a12b09488473125f') in 0.918 seconds [static and dynamic dependencies]. Details - ImportResultOutputID=036e83875acbf2ec93fc0d38a56030b8 DependenciesID=ab435f6f044b594265193db48a938f3e StaticDependenciesID=0e7ed5b83da5cdfcbe985c962522f5ae 
Number of updated asset objects reloaded before import = 0
Number of asset objects unloaded after import = 6
========================================================================
Received Prepare
AcceleratorClientConnectionCallback - disconnected - :0
Refreshing native plugins compatible for Editor in 2.69 ms, found 5 plugins.
Unloading 24 Unused Serialized files (Serialized files now loaded: 0)
Unloading 24 unused Assets / (2.9 MB). Loaded Objects now: 8500.
Memory consumption went from 360.9 MB to 358.0 MB.
Total: 126.875600 ms (FindLiveObjects: 2.864700 ms CreateObjectMapping: 0.300000 ms MarkObjects: 122.577700 ms  DeleteObjects: 0.831000 ms)

Prepare: number of updated asset objects reloaded= 0
========================================================================
Received Import Request.
  Time of request: 2026-09-10T02:36:13.5521554Z
  Time since last request: 145.4545712 seconds.
  importAddress: GUID: 00000000000000003000000000000000 - Path: ProjectSettings/TagManager.asset - Importer: PreviewImporter
Importing 'GUID: 00000000000000003000000000000000 - Path: ProjectSettings/TagManager.asset - Importer: PreviewImporter' with importer (PreviewImporter)
Imported 'GUID: 00000000000000003000000000000000' -> (Import Result ID: '7c5b2bdf0a31148e5e0c3af251fc4852') in 0.135 seconds [static and dynamic dependencies]. Details - ImportResultOutputID=a9de5dacb787dcd7900ea87c9e19fd79 DependenciesID=1a87c723f07843736ead441e6bd460b1 StaticDependenciesID=6c033005d4a44c9120982ea86df97473 
Number of updated asset objects reloaded before import = 0
Number of asset objects unloaded after import = 0
========================================================================
Received Import Request.
  Time of request: 2026-09-10T02:36:58.0804251Z
  Time since last request: 44.3096173 seconds.
  importAddress: GUID: aef3c868718c7b34db782fe562056dca - Path: Assets/Prefab/character_berie.prefab - Importer: PreviewImporter
Importing 'GUID: aef3c868718c7b34db782fe562056dca - Path: Assets/Prefab/character_berie.prefab - Importer: PreviewImporter' with importer (PreviewImporter)
Imported 'GUID: aef3c868718c7b34db782fe562056dca' -> (Import Result ID: '09da6a1e73eca3129b82142e9affc4a1') in 2.258 seconds [static and dynamic dependencies]. Details - ImportResultOutputID=165c53110e41964f97f0735515f11b2e DependenciesID=b3351f336462b80b7e24cfcfe327285a StaticDependenciesID=829d42e9eb62c9a933952e9ff7ecc30e 
Number of updated asset objects reloaded before import = 0
Number of asset objects unloaded after import = 132
========================================================================
Received Prepare
AcceleratorClientConnectionCallback - disconnected - :0
Refreshing native plugins compatible for Editor in 4.78 ms, found 5 plugins.
Unloading 24 Unused Serialized files (Serialized files now loaded: 0)
Unloading 25 unused Assets / (2.9 MB). Loaded Objects now: 8601.
Memory consumption went from 369.4 MB to 366.5 MB.
Total: 133.943200 ms (FindLiveObjects: 4.128200 ms CreateObjectMapping: 5.056800 ms MarkObjects: 122.074500 ms  DeleteObjects: 1.056900 ms)

Prepare: number of updated asset objects reloaded= 0
========================================================================
Received Import Request.
  Time of request: 2026-09-10T02:37:04.6115951Z
  Time since last request: 4.2358278 seconds.
  importAddress: GUID: 57940628afe78554da0abc7893856d09 - Path: Assets/Prefab/Coin.prefab - Importer: PreviewImporter
Importing 'GUID: 57940628afe78554da0abc7893856d09 - Path: Assets/Prefab/Coin.prefab - Importer: PreviewImporter' with importer (PreviewImporter)
The Animator Controller (collectibles_coin_gold_0) you have used is not valid. Animations will not play
UnityEngine.Debug:ExtractStackTraceNoAlloc (byte*,int,string)
UnityEngine.StackTraceUtility:ExtractStackTrace ()
UnityEditor.EditorUtility:Internal_InstantiateRemoveAllNonAnimationComponentsSingle (UnityEngine.Object,UnityEngine.Vector3,UnityEngine.Quaternion)
UnityEditor.EditorUtility:InstantiateRemoveAllNonAnimationComponents (UnityEngine.Object,UnityEngine.Vector3,UnityEngine.Quaternion)
UnityEditor.EditorUtility:InstantiateForAnimatorPreview (UnityEngine.Object)
UnityEditor.GameObjectInspector/PreviewData:UpdateGameObject (UnityEngine.Object)
UnityEditor.GameObjectInspector/PreviewData:.ctor (UnityEngine.Object,bool)
UnityEditor.GameObjectInspector:GetPreviewData (bool)
UnityEditor.GameObjectInspector:RenderStaticPreview (string,UnityEngine.Object[],int,int)
UnityEditor.AssetPreviewUpdater:CreatePreview (UnityEngine.Object,UnityEngine.Object[],string,int,int)
UnityEditor.AssetPreviewUpdater:CreatePreviewForAsset (UnityEngine.Object,UnityEngine.Object[],string)

[C:\build\output\unity\unity\Modules\Animation\Director\AnimatorControllerPlayable.cpp line 333]

Imported 'GUID: 57940628afe78554da0abc7893856d09' -> (Import Result ID: 'd07a0bfe91ddbd51076abbb90a2ee1c9') in 0.051 seconds [static and dynamic dependencies]. Details - ImportResultOutputID=2c9d2874bd227731c7096e60b69a1f34 DependenciesID=4e408bf800fa793814163514cbb0b64d StaticDependenciesID=c1c38481691c2b2dd16c440601264129 
Number of updated asset objects reloaded before import = 0
Number of asset objects unloaded after import = 10
========================================================================
Received Prepare
AcceleratorClientConnectionCallback - disconnected - :0
[Licensing::Client] Successfully resolved entitlement details
Begin MonoManager ReloadAssembly
'Packages/com.unity.render-pipelines.core/Editor/Deprecated.cs' contains partial class of Unity.Object, exactly 1 of the partial classes needs to be in a file with the same filename. This is to know the one that can be referenced from ie. GameObjects
'Packages/com.unity.render-pipelines.core/Editor/Deprecated.cs' contains partial class of Unity.Object, exactly 1 of the partial classes needs to be in a file with the same filename. This is to know the one that can be referenced from ie. GameObjects
Refreshing native plugins compatible for Editor in 4.06 ms, found 5 plugins.
[Licensing::Client] Successfully resolved entitlement details
Native extension for Android target not found
Native extension for WindowsStandalone target not found
[Package Manager] Failed to launch server process. Reason: Unity was launched with the -noUpm command-line argument
[Package Manager] Unable to send message (not connected to server process).
[Package Manager] Cannot connect to Unity Package Manager local server
[Package Manager] Failed to launch server process. Reason: Unity was launched with the -noUpm command-line argument
[Package Manager] Unable to send message (not connected to server process).
[Package Manager] Cannot connect to Unity Package Manager local server
ScheduleIndexationOnStartup MainProcess:False IndexOnStartup:True
Scripting: successfully reloaded assembly
- Finished resetting the current domain, in  1.633 seconds
Domain Reload Profiling: 7303ms
	BeginReloadAssembly (2114ms)
		ExecutionOrderSort (7ms)
		DisableScriptedObjects (489ms)
		ReleaseScriptingObjects (5ms)
		CreateAndSetChildDomain (748ms)
	RebuildCommonClasses (13ms)
	RebuildNativeTypeToScriptingClass (22ms)
	initialDomainReloadingComplete (257ms)
	LoadAllAssembliesAndSetupDomain (3263ms)
		LoadAssemblies (2241ms)
		TypeCache.Refresh (100ms)
		AnalyzeDomain (744ms)
			BuildScriptInfoCaches (630ms)
			ResolveRequiredComponents (28ms)
	FinalizeReload (1635ms)
		SetupLoadedEditorAssemblies (0ms)
			LogAssemblyErrors (12ms)
			InitializePlatformSupportModulesInManaged (16ms)
			BeforeProcessingInitializeOnLoad (243ms)
			ProcessInitializeOnLoadAttributes (610ms)
			ProcessInitializeOnLoadMethodAttributes (177ms)
			AfterProcessingInitializeOnLoad (7ms)
			EditorAssembliesLoaded (6ms)
		AwakeInstancesAfterBackupRestoration (49ms)
Refreshing native plugins compatible for Editor in 6.10 ms, found 5 plugins.
Unloading 24 Unused Serialized files (Serialized files now loaded: 0)
Unloading 7510 unused Assets / (5.0 MB). Loaded Objects now: 8529.
Memory consumption went from 375.1 MB to 370.1 MB.
Total: 22.149300 ms (FindLiveObjects: 2.881500 ms CreateObjectMapping: 0.908100 ms MarkObjects: 13.416500 ms  DeleteObjects: 3.502400 ms)

Prepare: number of updated asset objects reloaded= 0
========================================================================
Received Import Request.
  Time of request: 2026-09-10T02:44:06.1961599Z
  Time since last request: 421.54324450000001 seconds.
  importAddress: GUID: aef3c868718c7b34db782fe562056dca - Path: Assets/Prefab/character_berie.prefab - Importer: PreviewImporter
Importing 'GUID: aef3c868718c7b34db782fe562056dca - Path: Assets/Prefab/character_berie.prefab - Importer: PreviewImporter' with importer (PreviewImporter)
Imported 'GUID: aef3c868718c7b34db782fe562056dca' -> (Import Result ID: 'a40b2b7b9506bb56ba00d1afaa67cd38') in 0.831 seconds [static and dynamic dependencies]. Details - ImportResultOutputID=165c53110e41964f97f0735515f11b2e DependenciesID=7ca2996ad5d6f3567339036d5b427964 StaticDependenciesID=829d42e9eb62c9a933952e9ff7ecc30e 
Number of updated asset objects reloaded before import = 0
Number of asset objects unloaded after import = 132
========================================================================
Received Prepare
AcceleratorClientConnectionCallback - disconnected - :0
Refreshing native plugins compatible for Editor in 6.38 ms, found 5 plugins.
Unloading 24 Unused Serialized files (Serialized files now loaded: 0)
Unloading 24 unused Assets / (2.9 MB). Loaded Objects now: 8623.
Memory consumption went from 372.8 MB to 369.9 MB.
Total: 697.874300 ms (FindLiveObjects: 14.997100 ms CreateObjectMapping: 1.486700 ms MarkObjects: 677.860900 ms  DeleteObjects: 1.380600 ms)

Prepare: number of updated asset objects reloaded= 0
Editor requested this worker to shutdown with reason: Editor is closing down
AcceleratorClientConnectionCallback - disconnected - :0
AssetImportWorker is now disconnected from the server
Process exiting
[ExitDontLaunchBugReporter] Exiting without the bug reporter. Application will exit with return code 0
