[Licensing::Module] Trying to connect to existing licensing client channel...
[Licensing::IpcConnector] Successfully connected to: "LicenseClient-Edher" at "2026-09-09T22:10:48.3811732Z"
Built from '6000.6/respin/6000.6.0f1-fa21a270ab12' branch; Version is '6000.6.0f1 (f7f8ed4d1e24) revision 16251117'; Using compiler version '194234433'; Build Type 'Release'
OS: 'Windows 11  (10.0.26200) Professional' Language: 'es' Physical Memory: 7933 MB
BatchMode: 1, IsHumanControllingUs: 0, StartBugReporterOnCrash: 0, Is64bit: 1
System  architecture: x64
Process architecture: x64
Date: 2026-09-09T22:10:48Z

COMMAND LINE ARGUMENTS:
C:\Program Files\Unity\Hub\Editor\6000.6.0f1\Editor\Unity.exe
-adb2
-batchMode
-noUpm
-name
AssetImportWorkerHW0
-projectPath
C:/Users/edher/Desktop/EdherUnity/Juego
-logFile
Logs/AssetImportWorkerHW0.log
-srvPort
50857
-parentPid
8772
-analyticsCloudUserId
anonymous
-analyticsCloudProjectId
d0c1d6c6-fe5a-420c-bcfb-77216588f533
-analyticsLocalProjectId
86e64a3b7b3a6df4d94e08c53d07f26e
-editorAnalyticsEnabled
1
-cbmEditorLicense
f9d5598ab516e50d9d9608988479e51d24174db0
-cbmMachineId
41Jf7XdW8A0fz8lSBrvPAOfi/1M=
-noDiagnosticSwitchPersistentStore
-job-worker-count
5
-background-job-worker-count
8
-asset-garbage-collectors
1
-force-d3d12
-name
AssetImport
Successfully changed project path to: C:/Users/edher/Desktop/EdherUnity/Juego
C:/Users/edher/Desktop/EdherUnity/Juego
[UnityMemory] Configuration Parameters - Can be set up in boot.config
    "memorysetup-temp-allocator-size-gi-baking-worker=262144"
    "memorysetup-temp-allocator-size-gi-baking-worker=262144"
    "memorysetup-temp-allocator-size-gi-baking-worker=262144"
    "memorysetup-temp-allocator-size-gi-baking-worker=262144"
    "memorysetup-temp-allocator-size-gi-baking-worker=262144"
    "memorysetup-temp-allocator-size-nav-mesh-worker=65536"
    "memorysetup-temp-allocator-size-audio-worker=65536"
    "memorysetup-temp-allocator-size-cloud-worker=32768"
    "memorysetup-temp-allocator-size-gfx=262144"
    "memorysetup-remapper-allocator-initial-capacity=32768"
    "memorysetup-temp-allocator-size-preload-manager=33554432"
    "memorysetup-allocator-temp-initial-block-size-main=262144"
    "memorysetup-allocator-temp-initial-block-size-worker=262144"
    "memorysetup-temp-allocator-size-job-worker=262144"
    "memorysetup-temp-allocator-size-background-worker=32768"
    "memorysetup-bucket-allocator-granularity=16"
    "memorysetup-bucket-allocator-bucket-count=8"
    "memorysetup-bucket-allocator-block-size=33554432"
    "memorysetup-bucket-allocator-block-count=8"
    "memorysetup-main-allocator-block-size=16777216"
    "memorysetup-thread-allocator-block-size=16777216"
    "memorysetup-main-allocator-mimalloc-enabled=1"
    "memorysetup-gfx-main-allocator-block-size=16777216"
    "memorysetup-gfx-thread-allocator-block-size=16777216"
    "memorysetup-cache-allocator-block-size=4194304"
    "memorysetup-typetree-allocator-block-size=2097152"
    "memorysetup-profiler-bucket-allocator-granularity=16"
    "memorysetup-profiler-bucket-allocator-bucket-count=8"
    "memorysetup-profiler-bucket-allocator-block-size=33554432"
    "memorysetup-profiler-bucket-allocator-block-count=8"
    "memorysetup-profiler-allocator-block-size=16777216"
    "memorysetup-profiler-editor-allocator-block-size=1048576"
    "memorysetup-temp-allocator-size-main=16777216"
    "memorysetup-job-temp-allocator-block-size=2097152"
    "memorysetup-job-temp-allocator-block-size-background=1048576"
    "memorysetup-job-temp-allocator-reduction-small-platforms=262144"
Player connection [13736]  Target information:

Player connection [13736]  * "[IP] 192.168.18.52 [Port] 0 [Flags] 2 [Guid] 1364794619 [EditorId] 1364794619 [Version] 1048832 [Id] WindowsEditor(7,Edher) [Debug] 1 [PackageName] WindowsEditor [ProjectName] Editor" 

Player connection [13736] Host joined multi-casting on [225.0.0.222:54997]...
Player connection [13736] Host joined alternative multi-casting on [225.0.0.222:34997]...
JobSystem: Creating JobQueue using job-worker-count value 5
Input System module state changed to: Initialized.
[Physics::Module] Initialized fallback backend.
[Physics::Module] Id: 0xdecafbad
Library Redirect Path: Library/
[Physics::Module] Selected backend.
[Physics::Module] Name: PhysX
[Physics::Module] Id: 0xf2b8ea05
[Physics::Module] SDK Version: 4.1.2
[Physics::Module] Integration Version: 1.0.0
[Physics::Module] Threading Mode: Multi-Threaded
Refreshing native plugins compatible for Editor in 14.96 ms, found 5 plugins.
Initialize engine version: 6000.6.0f1 (f7f8ed4d1e24)
[EntityIdStore] init: VM path (explicit commit), pageSize=4096, blockCount=1048576, entitiesPerBlock=256, slots reserved=4294967296 bytes
[Subsystems] Discovering subsystems at path C:/Program Files/Unity/Hub/Editor/6000.6.0f1/Editor/Data/Resources/UnitySubsystems
[Subsystems] Discovering subsystems at path C:/Users/edher/Desktop/EdherUnity/Juego/Assets
Forcing GfxDevice: Direct3D 12
GfxDevice: creating device client; kGfxThreadingModeNonThreaded
d3d12: failed to query info queue interface (0x80004002).
Direct3D:
    Version:         Direct3D 12 [level 12.1]
    Renderer:        Intel(R) UHD Graphics 730 (ID=0x4692)
    Vendor:          Intel
    VRAM:            3966 MB
    App VRAM Budget: 3570 MB
    Driver:          32.0.101.7088
    Unified Memory Architecture
    Cache Coherent UMA
Initialize mono
Mono path[0] = 'C:/Program Files/Unity/Hub/Editor/6000.6.0f1/Editor/Data/Managed'
Mono path[1] = 'C:/Program Files/Unity/Hub/Editor/6000.6.0f1/Editor/Data/BCLExtensions/runtime/netstandard2.1'
Mono path[2] = 'C:/Program Files/Unity/Hub/Editor/6000.6.0f1/Editor/Data/MonoBleedingEdge/lib/mono/unityjit-win32'
Mono config path = 'C:/Program Files/Unity/Hub/Editor/6000.6.0f1/Editor/Data/MonoBleedingEdge/etc'
Using monoOptions --debugger-agent=transport=dt_socket,embedding=1,server=y,suspend=n,address=127.0.0.1:56180
CodeReloadManager initialized
Begin MonoManager ReloadAssembly
[Licensing::Client] Error: HandshakeResponse reported an error:
	ResponseCode: 505
	ResponseStatus: Unsupported protocol version '1.18.3'.
[Licensing::Module] Error: Failed to handshake to channel: "LicenseClient-Edher"
[Licensing::IpcConnector] LicenseClient-Edher channel disconnected successfully.
[Licensing::IpcConnector] Successfully connected to: "LicenseClient-Edher-6000.6.0" at "2026-09-09T22:10:50.1040846Z"
[Licensing::Client] Code 10 while verifying Licensing Client signature (process Id: 24240, path: "C:/Program Files/Unity/Hub/Editor/6000.6.0f1/Editor/Data/Resources/Licensing/Client/Unity.Licensing.Client.exe")
[Licensing::Module] LicensingClient has failed validation; ignoring
Registering precompiled unity dll's ...
Register platform support module: C:/Program Files/Unity/Hub/Editor/6000.6.0f1/Editor/Data/PlaybackEngines/WindowsStandaloneSupport/UnityEditor.WindowsStandalone.Extensions.dll
[Licensing::Module] Licensing is not yet initialized.
[Licensing::Client] Handshaking with LicensingClient:
  Version:                 1.18.3+d7ffd15
  Session Id:              6bdb163a25484605b02ec827dc5f90bd
  Correlation Id:          699d9ecd35d9d8d8d2919780093e4c39
  External correlation Id: 2041962162855436272
  Machine Id:              41Jf7XdW8A0fz8lSBrvPAOfi/1M=
[Licensing::Module] Successfully connected to LicensingClient on channel: "LicenseClient-Edher-6000.6.0" (connect: 0.00s, validation: 0.17s, handshake: 0.01s)
[Licensing::IpcConnector] Successfully connected to: "LicenseClient-Edher-6000.6.0-notifications" at "2026-09-09T22:10:50.2946643Z"
[Licensing::Module] Licensing Background thread has ended after 1.92s
[Licensing::Module] Licensing is initialized (took 0.04s).
[Licensing::Client] Successfully resolved entitlement details
[Licensing::Module] License group:
  Id: 4674243297487-UnityPersXXXX
  Product: Unity Personal
  Type: Assigned
  Expiration: Unlimited
Register platform support module: C:/Program Files/Unity/Hub/Editor/6000.6.0f1/Editor/Data/PlaybackEngines/AndroidPlayer/UnityEditor.Android.Extensions.dll
Registered in 0.065442 seconds.
Native extension for Android target not found
Native extension for WindowsStandalone target not found
Package Manager log level set to [2]
[Package Manager] Failed to launch server process. Reason: Unity was launched with the -noUpm command-line argument
[Package Manager] Unable to send message (not connected to server process).
[Package Manager] Cannot connect to Unity Package Manager local server
ScheduleIndexationOnStartup MainProcess:False IndexOnStartup:True
Scripting: successfully reloaded assembly
- Finished resetting the current domain, in  1.201 seconds
Domain Reload Profiling: 2278ms
	BeginReloadAssembly (274ms)
		CreateAndSetChildDomain (3ms)
	RebuildCommonClasses (17ms)
	RebuildNativeTypeToScriptingClass (39ms)
	initialDomainReloadingComplete (211ms)
	LoadAllAssembliesAndSetupDomain (534ms)
		LoadAssemblies (265ms)
		TypeCache.Refresh (352ms)
			TypeCache.ScanAssembly (316ms)
		AnalyzeDomain (2ms)
	FinalizeReload (1204ms)
		SetupLoadedEditorAssemblies (0ms)
			LogAssemblyErrors (3ms)
			InitializePlatformSupportModulesInManaged (10ms)
			BeforeProcessingInitializeOnLoad (135ms)
			ProcessInitializeOnLoadAttributes (193ms)
			ProcessInitializeOnLoadMethodAttributes (752ms)
Initializing Unity extensions:
[Licensing::Client] Successfully resolved entitlement details
========================================================================
Worker process is ready to serve import requests
Import Worker Mode flag is 0x00
Begin MonoManager ReloadAssembly
'Packages/com.unity.render-pipelines.core/Editor/Deprecated.cs' contains partial class of Unity.Object, exactly 1 of the partial classes needs to be in a file with the same filename. This is to know the one that can be referenced from ie. GameObjects
'Packages/com.unity.render-pipelines.core/Editor/Deprecated.cs' contains partial class of Unity.Object, exactly 1 of the partial classes needs to be in a file with the same filename. This is to know the one that can be referenced from ie. GameObjects
Refreshing native plugins compatible for Editor in 6.59 ms, found 5 plugins.
Native extension for Android target not found
Native extension for WindowsStandalone target not found
[Package Manager] Failed to launch server process. Reason: Unity was launched with the -noUpm command-line argument
[Package Manager] Unable to send message (not connected to server process).
[Package Manager] Cannot connect to Unity Package Manager local server
Refreshing native plugins compatible for Editor in 3.20 ms, found 5 plugins.
[Package Manager] Failed to launch server process. Reason: Unity was launched with the -noUpm command-line argument
[Package Manager] Unable to send message (not connected to server process).
[Package Manager] Cannot connect to Unity Package Manager local server
ScheduleIndexationOnStartup MainProcess:False IndexOnStartup:True
Scripting: successfully reloaded assembly
- Finished resetting the current domain, in  1.572 seconds
Domain Reload Profiling: 6768ms
	BeginReloadAssembly (384ms)
		DisableScriptedObjects (24ms)
		CreateAndSetChildDomain (50ms)
	RebuildCommonClasses (11ms)
	RebuildNativeTypeToScriptingClass (21ms)
	initialDomainReloadingComplete (603ms)
	LoadAllAssembliesAndSetupDomain (4175ms)
		LoadAssemblies (3110ms)
		TypeCache.Refresh (731ms)
			TypeCache.ScanAssembly (628ms)
		AnalyzeDomain (205ms)
			BuildScriptInfoCaches (192ms)
			ResolveRequiredComponents (8ms)
	FinalizeReload (1573ms)
		SetupLoadedEditorAssemblies (0ms)
			LogAssemblyErrors (4ms)
			InitializePlatformSupportModulesInManaged (15ms)
			BeforeProcessingInitializeOnLoad (169ms)
			ProcessInitializeOnLoadAttributes (550ms)
			ProcessInitializeOnLoadMethodAttributes (353ms)
			AfterProcessingInitializeOnLoad (4ms)
		AwakeInstancesAfterBackupRestoration (9ms)
AcceleratorClientConnectionCallback - disconnected - :0
Launched and connected shader compiler UnityShaderCompiler.exe after 0.02 seconds
Refreshing native plugins compatible for Editor in 2.13 ms, found 5 plugins.
Unloading 24 Unused Serialized files (Serialized files now loaded: 0)
Unloading 7511 unused Assets / (8.0 MB). Loaded Objects now: 8476.
Memory consumption went from 368.1 MB to 360.2 MB.
Total: 17.127500 ms (FindLiveObjects: 1.999400 ms CreateObjectMapping: 0.836200 ms MarkObjects: 10.082000 ms  DeleteObjects: 3.814700 ms)

========================================================================
Received Prepare
AcceleratorClientConnectionCallback - disconnected - :0
Begin MonoManager ReloadAssembly
'Packages/com.unity.render-pipelines.core/Editor/Deprecated.cs' contains partial class of Unity.Object, exactly 1 of the partial classes needs to be in a file with the same filename. This is to know the one that can be referenced from ie. GameObjects
'Packages/com.unity.render-pipelines.core/Editor/Deprecated.cs' contains partial class of Unity.Object, exactly 1 of the partial classes needs to be in a file with the same filename. This is to know the one that can be referenced from ie. GameObjects
Refreshing native plugins compatible for Editor in 3.06 ms, found 5 plugins.
Native extension for Android target not found
Native extension for WindowsStandalone target not found
[Package Manager] Failed to launch server process. Reason: Unity was launched with the -noUpm command-line argument
[Package Manager] Unable to send message (not connected to server process).
[Package Manager] Cannot connect to Unity Package Manager local server
[Package Manager] Failed to launch server process. Reason: Unity was launched with the -noUpm command-line argument
[Package Manager] Unable to send message (not connected to server process).
[Package Manager] Cannot connect to Unity Package Manager local server
ScheduleIndexationOnStartup MainProcess:False IndexOnStartup:True
Scripting: successfully reloaded assembly
- Finished resetting the current domain, in  1.009 seconds
Domain Reload Profiling: 2977ms
	BeginReloadAssembly (619ms)
		DisableScriptedObjects (30ms)
		CreateAndSetChildDomain (207ms)
	RebuildCommonClasses (12ms)
	RebuildNativeTypeToScriptingClass (19ms)
	initialDomainReloadingComplete (139ms)
	LoadAllAssembliesAndSetupDomain (1178ms)
		LoadAssemblies (1117ms)
		TypeCache.Refresh (23ms)
		AnalyzeDomain (63ms)
			BuildScriptInfoCaches (3ms)
			ResolveRequiredComponents (9ms)
	FinalizeReload (1010ms)
		SetupLoadedEditorAssemblies (0ms)
			LogAssemblyErrors (5ms)
			InitializePlatformSupportModulesInManaged (11ms)
			BeforeProcessingInitializeOnLoad (142ms)
			ProcessInitializeOnLoadAttributes (378ms)
			ProcessInitializeOnLoadMethodAttributes (125ms)
			AfterProcessingInitializeOnLoad (9ms)
			EditorAssembliesLoaded (3ms)
		AwakeInstancesAfterBackupRestoration (28ms)
Unloading 24 Unused Serialized files (Serialized files now loaded: 0)
Unloading 7509 unused Assets / (8.1 MB). Loaded Objects now: 8480.
Memory consumption went from 357.3 MB to 349.2 MB.
Total: 13.999200 ms (FindLiveObjects: 1.556000 ms CreateObjectMapping: 0.919800 ms MarkObjects: 7.967500 ms  DeleteObjects: 3.083500 ms)

Prepare: number of updated asset objects reloaded= 0
========================================================================
Received Import Request.
  Time of request: 2026-09-09T22:11:26.7438012Z
  Time since last request: 690680.67627779999748 seconds.
  importAddress: GUID: 8c9cfa26abfee488c85f1582747f6a02 - Path: Assets/Scenes/SampleScene.unity - Importer: ScriptedImporter/UnityEditor.QuickSearchModule:UnityEditor.Search:ASIAI0B
Importing 'GUID: 8c9cfa26abfee488c85f1582747f6a02 - Path: Assets/Scenes/SampleScene.unity - Importer: ScriptedImporter/UnityEditor.QuickSearchModule:UnityEditor.Search:ASIAI0B' with importer (ScriptedImporter : UnityEditor.QuickSearchModule:UnityEditor.Search:ASIAI0B)
Imported 'GUID: 8c9cfa26abfee488c85f1582747f6a02' -> (Import Result ID: '57c4799f7269c41f5d97c9b8de50c5fb') in 0.161 seconds [static and dynamic dependencies]. Details - ImportResultOutputID=598eb97d64a1791c9f08a60307b2cd75 DependenciesID=2246d21fe32d5d732a35936ab77a77a7 StaticDependenciesID=356678590fa8df0f6e61ef33811bebe5 
Number of updated asset objects reloaded before import = 0
Number of asset objects unloaded after import = 1
========================================================================
Received Import Request.
  Time of request: 2026-09-09T22:11:26.9273764Z
  Time since last request: 0.0034988 seconds.
  importAddress: GUID: c88efbaeadca9434a85b389de5d52472 - Path: Assets/New Physics Material 2D.physicsMaterial2D - Importer: ScriptedImporter/UnityEditor.QuickSearchModule:UnityEditor.Search:ASIAI0B
Importing 'GUID: c88efbaeadca9434a85b389de5d52472 - Path: Assets/New Physics Material 2D.physicsMaterial2D - Importer: ScriptedImporter/UnityEditor.QuickSearchModule:UnityEditor.Search:ASIAI0B' with importer (ScriptedImporter : UnityEditor.QuickSearchModule:UnityEditor.Search:ASIAI0B)
Imported 'GUID: c88efbaeadca9434a85b389de5d52472' -> (Import Result ID: 'f606fdee60a6ea8a98758794c8a2e5be') in 0.055 seconds [static and dynamic dependencies]. Details - ImportResultOutputID=dfeaa882a616e7ed6acc8dfc9545e43e DependenciesID=93e07adf008a2bda25a5fae1d4a55eac StaticDependenciesID=aa2706ca4ea74874a6627207f84eca08 
Number of updated asset objects reloaded before import = 0
Number of asset objects unloaded after import = 1
========================================================================
Received Prepare
AcceleratorClientConnectionCallback - disconnected - :0
[Licensing::Client] Successfully resolved entitlement details
Begin MonoManager ReloadAssembly
'Packages/com.unity.render-pipelines.core/Editor/Deprecated.cs' contains partial class of Unity.Object, exactly 1 of the partial classes needs to be in a file with the same filename. This is to know the one that can be referenced from ie. GameObjects
'Packages/com.unity.render-pipelines.core/Editor/Deprecated.cs' contains partial class of Unity.Object, exactly 1 of the partial classes needs to be in a file with the same filename. This is to know the one that can be referenced from ie. GameObjects
Refreshing native plugins compatible for Editor in 3.84 ms, found 5 plugins.
[Licensing::Client] Successfully resolved entitlement details
Native extension for Android target not found
Native extension for WindowsStandalone target not found
[Package Manager] Failed to launch server process. Reason: Unity was launched with the -noUpm command-line argument
[Package Manager] Unable to send message (not connected to server process).
[Package Manager] Cannot connect to Unity Package Manager local server
[Package Manager] Failed to launch server process. Reason: Unity was launched with the -noUpm command-line argument
[Package Manager] Unable to send message (not connected to server process).
[Package Manager] Cannot connect to Unity Package Manager local server
ScheduleIndexationOnStartup MainProcess:False IndexOnStartup:True
Scripting: successfully reloaded assembly
- Finished resetting the current domain, in  1.316 seconds
Domain Reload Profiling: 4740ms
	BeginReloadAssembly (1360ms)
		ExecutionOrderSort (13ms)
		DisableScriptedObjects (314ms)
		ReleaseScriptingObjects (4ms)
		CreateAndSetChildDomain (326ms)
	RebuildCommonClasses (9ms)
	RebuildNativeTypeToScriptingClass (16ms)
	initialDomainReloadingComplete (99ms)
	LoadAllAssembliesAndSetupDomain (1938ms)
		LoadAssemblies (1096ms)
		TypeCache.Refresh (52ms)
		AnalyzeDomain (542ms)
			BuildScriptInfoCaches (506ms)
			ResolveRequiredComponents (13ms)
	FinalizeReload (1317ms)
		SetupLoadedEditorAssemblies (0ms)
			LogAssemblyErrors (13ms)
			InitializePlatformSupportModulesInManaged (20ms)
			BeforeProcessingInitializeOnLoad (160ms)
			ProcessInitializeOnLoadAttributes (476ms)
			ProcessInitializeOnLoadMethodAttributes (146ms)
			AfterProcessingInitializeOnLoad (6ms)
			EditorAssembliesLoaded (4ms)
		AwakeInstancesAfterBackupRestoration (66ms)
Refreshing native plugins compatible for Editor in 4.18 ms, found 5 plugins.
Unloading 24 Unused Serialized files (Serialized files now loaded: 0)
Unloading 7509 unused Assets / (5.7 MB). Loaded Objects now: 8485.
Memory consumption went from 361.8 MB to 356.1 MB.
Total: 21.963100 ms (FindLiveObjects: 2.910700 ms CreateObjectMapping: 2.415500 ms MarkObjects: 12.733200 ms  DeleteObjects: 3.387100 ms)

Prepare: number of updated asset objects reloaded= 0
========================================================================
Received Prepare
AcceleratorClientConnectionCallback - disconnected - :0
[Licensing::Client] Successfully resolved entitlement details
Begin MonoManager ReloadAssembly
'Packages/com.unity.render-pipelines.core/Editor/Deprecated.cs' contains partial class of Unity.Object, exactly 1 of the partial classes needs to be in a file with the same filename. This is to know the one that can be referenced from ie. GameObjects
'Packages/com.unity.render-pipelines.core/Editor/Deprecated.cs' contains partial class of Unity.Object, exactly 1 of the partial classes needs to be in a file with the same filename. This is to know the one that can be referenced from ie. GameObjects
Refreshing native plugins compatible for Editor in 4.21 ms, found 5 plugins.
[Licensing::Client] Successfully resolved entitlement details
Native extension for Android target not found
Native extension for WindowsStandalone target not found
[Package Manager] Failed to launch server process. Reason: Unity was launched with the -noUpm command-line argument
[Package Manager] Unable to send message (not connected to server process).
[Package Manager] Cannot connect to Unity Package Manager local server
[Package Manager] Failed to launch server process. Reason: Unity was launched with the -noUpm command-line argument
[Package Manager] Unable to send message (not connected to server process).
[Package Manager] Cannot connect to Unity Package Manager local server
ScheduleIndexationOnStartup MainProcess:False IndexOnStartup:True
Scripting: successfully reloaded assembly
- Finished resetting the current domain, in  1.597 seconds
Domain Reload Profiling: 6221ms
	BeginReloadAssembly (1799ms)
		ExecutionOrderSort (18ms)
		DisableScriptedObjects (452ms)
		ReleaseScriptingObjects (3ms)
		CreateAndSetChildDomain (295ms)
	RebuildCommonClasses (17ms)
	RebuildNativeTypeToScriptingClass (25ms)
	initialDomainReloadingComplete (239ms)
	LoadAllAssembliesAndSetupDomain (2541ms)
		LoadAssemblies (1861ms)
		TypeCache.Refresh (92ms)
		AnalyzeDomain (548ms)
			BuildScriptInfoCaches (523ms)
			ResolveRequiredComponents (9ms)
	FinalizeReload (1600ms)
		SetupLoadedEditorAssemblies (0ms)
			LogAssemblyErrors (5ms)
			InitializePlatformSupportModulesInManaged (15ms)
			BeforeProcessingInitializeOnLoad (209ms)
			ProcessInitializeOnLoadAttributes (623ms)
			ProcessInitializeOnLoadMethodAttributes (174ms)
			AfterProcessingInitializeOnLoad (9ms)
			EditorAssembliesLoaded (6ms)
		AwakeInstancesAfterBackupRestoration (56ms)
Refreshing native plugins compatible for Editor in 11.36 ms, found 5 plugins.
Unloading 24 Unused Serialized files (Serialized files now loaded: 0)
Unloading 7509 unused Assets / (9.1 MB). Loaded Objects now: 8488.
Memory consumption went from 366.2 MB to 357.1 MB.
Total: 56.218900 ms (FindLiveObjects: 7.910200 ms CreateObjectMapping: 3.323200 ms MarkObjects: 32.702100 ms  DeleteObjects: 11.045000 ms)

Prepare: number of updated asset objects reloaded= 0
========================================================================
Received Import Request.
  Time of request: 2026-09-09T22:23:15.5589725Z
  Time since last request: 708.58451920000005 seconds.
  importAddress: GUID: cb70efe8c13454d4fa2bd8e573862e60 - Path: Assets/Scripts/Player.cs - Importer: PreviewImporter
Importing 'GUID: cb70efe8c13454d4fa2bd8e573862e60 - Path: Assets/Scripts/Player.cs - Importer: PreviewImporter' with importer (PreviewImporter)
Imported 'GUID: cb70efe8c13454d4fa2bd8e573862e60' -> (Import Result ID: '7c0a4af271f3686264de8610de0ef5a6') in 0.087 seconds [static and dynamic dependencies]. Details - ImportResultOutputID=19cba8506bc02e53ec8132f6f57b9d69 DependenciesID=a0a19a916f523ec6f601eec650d682b7 StaticDependenciesID=d369595d4e5043e86d8610eea85e5b51 
Number of updated asset objects reloaded before import = 0
Number of asset objects unloaded after import = 0
========================================================================
Received Prepare
AcceleratorClientConnectionCallback - disconnected - :0
[Licensing::Client] Successfully resolved entitlement details
Begin MonoManager ReloadAssembly
'Packages/com.unity.render-pipelines.core/Editor/Deprecated.cs' contains partial class of Unity.Object, exactly 1 of the partial classes needs to be in a file with the same filename. This is to know the one that can be referenced from ie. GameObjects
'Packages/com.unity.render-pipelines.core/Editor/Deprecated.cs' contains partial class of Unity.Object, exactly 1 of the partial classes needs to be in a file with the same filename. This is to know the one that can be referenced from ie. GameObjects
Refreshing native plugins compatible for Editor in 8.24 ms, found 5 plugins.
[Licensing::Client] Successfully resolved entitlement details
Native extension for Android target not found
Native extension for WindowsStandalone target not found
[Package Manager] Failed to launch server process. Reason: Unity was launched with the -noUpm command-line argument
[Package Manager] Unable to send message (not connected to server process).
[Package Manager] Cannot connect to Unity Package Manager local server
[Package Manager] Failed to launch server process. Reason: Unity was launched with the -noUpm command-line argument
[Package Manager] Unable to send message (not connected to server process).
[Package Manager] Cannot connect to Unity Package Manager local server
ScheduleIndexationOnStartup MainProcess:False IndexOnStartup:True
Scripting: successfully reloaded assembly
- Finished resetting the current domain, in  1.216 seconds
Domain Reload Profiling: 5772ms
	BeginReloadAssembly (1875ms)
		ExecutionOrderSort (12ms)
		DisableScriptedObjects (364ms)
		ReleaseScriptingObjects (4ms)
		CreateAndSetChildDomain (472ms)
	RebuildCommonClasses (17ms)
	RebuildNativeTypeToScriptingClass (23ms)
	initialDomainReloadingComplete (188ms)
	LoadAllAssembliesAndSetupDomain (2451ms)
		LoadAssemblies (1677ms)
		TypeCache.Refresh (89ms)
		AnalyzeDomain (597ms)
			BuildScriptInfoCaches (554ms)
			ResolveRequiredComponents (11ms)
	FinalizeReload (1217ms)
		SetupLoadedEditorAssemblies (0ms)
			LogAssemblyErrors (6ms)
			InitializePlatformSupportModulesInManaged (11ms)
			BeforeProcessingInitializeOnLoad (167ms)
			ProcessInitializeOnLoadAttributes (440ms)
			ProcessInitializeOnLoadMethodAttributes (125ms)
			AfterProcessingInitializeOnLoad (5ms)
			EditorAssembliesLoaded (3ms)
		AwakeInstancesAfterBackupRestoration (34ms)
Refreshing native plugins compatible for Editor in 2.95 ms, found 5 plugins.
Unloading 24 Unused Serialized files (Serialized files now loaded: 0)
Unloading 7509 unused Assets / (6.5 MB). Loaded Objects now: 8491.
Memory consumption went from 370.8 MB to 364.3 MB.
Total: 15.980800 ms (FindLiveObjects: 1.079400 ms CreateObjectMapping: 0.606400 ms MarkObjects: 10.771000 ms  DeleteObjects: 2.826400 ms)

Prepare: number of updated asset objects reloaded= 0
========================================================================
Received Import Request.
  Time of request: 2026-09-09T23:09:17.3600174Z
  Time since last request: 2761.56135339999992 seconds.
  importAddress: GUID: 00000000000000003000000000000000 - Path: ProjectSettings/TagManager.asset - Importer: PreviewImporter
Importing 'GUID: 00000000000000003000000000000000 - Path: ProjectSettings/TagManager.asset - Importer: PreviewImporter' with importer (PreviewImporter)
Imported 'GUID: 00000000000000003000000000000000' -> (Import Result ID: 'ddace226f56c8a78b624dbe345a4446d') in 0.788 seconds [static and dynamic dependencies]. Details - ImportResultOutputID=a9de5dacb787dcd7900ea87c9e19fd79 DependenciesID=369fd140813b6fc8eb38d34bc829dd95 StaticDependenciesID=b7bae6eddbc7b4b298cdeca2fb57ab9c 
Number of updated asset objects reloaded before import = 0
Number of asset objects unloaded after import = 0
========================================================================
Received Prepare
AcceleratorClientConnectionCallback - disconnected - :0
[Licensing::Client] Successfully resolved entitlement details
Begin MonoManager ReloadAssembly
'Packages/com.unity.render-pipelines.core/Editor/Deprecated.cs' contains partial class of Unity.Object, exactly 1 of the partial classes needs to be in a file with the same filename. This is to know the one that can be referenced from ie. GameObjects
'Packages/com.unity.render-pipelines.core/Editor/Deprecated.cs' contains partial class of Unity.Object, exactly 1 of the partial classes needs to be in a file with the same filename. This is to know the one that can be referenced from ie. GameObjects
Refreshing native plugins compatible for Editor in 6.57 ms, found 5 plugins.
[Licensing::Client] Successfully resolved entitlement details
Native extension for Android target not found
Native extension for WindowsStandalone target not found
[Package Manager] Failed to launch server process. Reason: Unity was launched with the -noUpm command-line argument
[Package Manager] Unable to send message (not connected to server process).
[Package Manager] Cannot connect to Unity Package Manager local server
[Package Manager] Failed to launch server process. Reason: Unity was launched with the -noUpm command-line argument
[Package Manager] Unable to send message (not connected to server process).
[Package Manager] Cannot connect to Unity Package Manager local server
ScheduleIndexationOnStartup MainProcess:False IndexOnStartup:True
Scripting: successfully reloaded assembly
- Finished resetting the current domain, in  0.957 seconds
Domain Reload Profiling: 5708ms
	BeginReloadAssembly (2241ms)
		ExecutionOrderSort (12ms)
		DisableScriptedObjects (544ms)
		ReleaseScriptingObjects (6ms)
		CreateAndSetChildDomain (433ms)
	RebuildCommonClasses (15ms)
	RebuildNativeTypeToScriptingClass (18ms)
	initialDomainReloadingComplete (215ms)
	LoadAllAssembliesAndSetupDomain (2262ms)
		LoadAssemblies (1549ms)
		TypeCache.Refresh (69ms)
		AnalyzeDomain (629ms)
			BuildScriptInfoCaches (579ms)
			ResolveRequiredComponents (15ms)
	FinalizeReload (958ms)
		SetupLoadedEditorAssemblies (0ms)
			LogAssemblyErrors (21ms)
			InitializePlatformSupportModulesInManaged (10ms)
			BeforeProcessingInitializeOnLoad (143ms)
			ProcessInitializeOnLoadAttributes (371ms)
			ProcessInitializeOnLoadMethodAttributes (113ms)
			AfterProcessingInitializeOnLoad (5ms)
			EditorAssembliesLoaded (3ms)
		AwakeInstancesAfterBackupRestoration (28ms)
Refreshing native plugins compatible for Editor in 2.18 ms, found 5 plugins.
Unloading 24 Unused Serialized files (Serialized files now loaded: 0)
Unloading 7510 unused Assets / (6.3 MB). Loaded Objects now: 8495.
Memory consumption went from 369.5 MB to 363.3 MB.
Total: 15.536400 ms (FindLiveObjects: 1.297000 ms CreateObjectMapping: 0.374600 ms MarkObjects: 11.189700 ms  DeleteObjects: 2.251900 ms)

Prepare: number of updated asset objects reloaded= 0
========================================================================
Received Prepare
AcceleratorClientConnectionCallback - disconnected - :0
'Packages/com.unity.render-pipelines.core/Editor/Deprecated.cs' contains partial class of Unity.Object, exactly 1 of the partial classes needs to be in a file with the same filename. This is to know the one that can be referenced from ie. GameObjects
'Packages/com.unity.render-pipelines.core/Editor/Deprecated.cs' contains partial class of Unity.Object, exactly 1 of the partial classes needs to be in a file with the same filename. This is to know the one that can be referenced from ie. GameObjects
Refreshing native plugins compatible for Editor in 6.57 ms, found 5 plugins.
Unloading 24 Unused Serialized files (Serialized files now loaded: 0)
Unloading 7494 unused Assets / (7.1 MB). Loaded Objects now: 8495.
Memory consumption went from 371.4 MB to 364.3 MB.
Total: 512.945200 ms (FindLiveObjects: 19.335900 ms CreateObjectMapping: 1.404300 ms MarkObjects: 486.518100 ms  DeleteObjects: 4.449100 ms)

Prepare: number of updated asset objects reloaded= 0
========================================================================
Received Prepare
AcceleratorClientConnectionCallback - disconnected - :0
[Licensing::Client] Successfully resolved entitlement details
Begin MonoManager ReloadAssembly
'Packages/com.unity.render-pipelines.core/Editor/Deprecated.cs' contains partial class of Unity.Object, exactly 1 of the partial classes needs to be in a file with the same filename. This is to know the one that can be referenced from ie. GameObjects
'Packages/com.unity.render-pipelines.core/Editor/Deprecated.cs' contains partial class of Unity.Object, exactly 1 of the partial classes needs to be in a file with the same filename. This is to know the one that can be referenced from ie. GameObjects
Refreshing native plugins compatible for Editor in 2.30 ms, found 5 plugins.
[Licensing::Client] Successfully resolved entitlement details
Native extension for Android target not found
Native extension for WindowsStandalone target not found
[Package Manager] Failed to launch server process. Reason: Unity was launched with the -noUpm command-line argument
[Package Manager] Unable to send message (not connected to server process).
[Package Manager] Cannot connect to Unity Package Manager local server
[Package Manager] Failed to launch server process. Reason: Unity was launched with the -noUpm command-line argument
[Package Manager] Unable to send message (not connected to server process).
[Package Manager] Cannot connect to Unity Package Manager local server
ScheduleIndexationOnStartup MainProcess:False IndexOnStartup:True
Scripting: successfully reloaded assembly
- Finished resetting the current domain, in  1.086 seconds
Domain Reload Profiling: 5972ms
	BeginReloadAssembly (2278ms)
		ExecutionOrderSort (12ms)
		DisableScriptedObjects (471ms)
		ReleaseScriptingObjects (5ms)
		CreateAndSetChildDomain (689ms)
	RebuildCommonClasses (11ms)
	RebuildNativeTypeToScriptingClass (22ms)
	initialDomainReloadingComplete (269ms)
	LoadAllAssembliesAndSetupDomain (2305ms)
		LoadAssemblies (1638ms)
		TypeCache.Refresh (73ms)
		AnalyzeDomain (624ms)
			BuildScriptInfoCaches (583ms)
			ResolveRequiredComponents (13ms)
	FinalizeReload (1087ms)
		SetupLoadedEditorAssemblies (0ms)
			LogAssemblyErrors (7ms)
			InitializePlatformSupportModulesInManaged (14ms)
			BeforeProcessingInitializeOnLoad (168ms)
			ProcessInitializeOnLoadAttributes (390ms)
			ProcessInitializeOnLoadMethodAttributes (125ms)
			AfterProcessingInitializeOnLoad (7ms)
			EditorAssembliesLoaded (5ms)
		AwakeInstancesAfterBackupRestoration (36ms)
Refreshing native plugins compatible for Editor in 2.50 ms, found 5 plugins.
Unloading 24 Unused Serialized files (Serialized files now loaded: 0)
Unloading 7509 unused Assets / (6.0 MB). Loaded Objects now: 8498.
Memory consumption went from 374.6 MB to 368.6 MB.
Total: 21.534600 ms (FindLiveObjects: 3.019200 ms CreateObjectMapping: 1.495000 ms MarkObjects: 12.971700 ms  DeleteObjects: 3.577900 ms)

Prepare: number of updated asset objects reloaded= 0
========================================================================
Received Prepare
AcceleratorClientConnectionCallback - disconnected - :0
Refreshing native plugins compatible for Editor in 2.84 ms, found 5 plugins.
Unloading 24 Unused Serialized files (Serialized files now loaded: 0)
Unloading 24 unused Assets / (3.1 MB). Loaded Objects now: 8498.
Memory consumption went from 371.2 MB to 368.2 MB.
Total: 10.123900 ms (FindLiveObjects: 0.798500 ms CreateObjectMapping: 0.242400 ms MarkObjects: 8.121300 ms  DeleteObjects: 0.613800 ms)

Prepare: number of updated asset objects reloaded= 0
========================================================================
Received Import Request.
  Time of request: 2026-09-09T23:58:34.1610931Z
  Time since last request: 2955.72388219999993 seconds.
  importAddress: GUID: c88efbaeadca9434a85b389de5d52472 - Path: Assets/New Physics Material 2D.physicsMaterial2D - Importer: PreviewImporter
Importing 'GUID: c88efbaeadca9434a85b389de5d52472 - Path: Assets/New Physics Material 2D.physicsMaterial2D - Importer: PreviewImporter' with importer (PreviewImporter)
Imported 'GUID: c88efbaeadca9434a85b389de5d52472' -> (Import Result ID: 'e24760400088eafc7d710254ac7155cb') in 1.522 seconds [static and dynamic dependencies]. Details - ImportResultOutputID=f3f0442191740e0e1441fcb5f0a71f30 DependenciesID=63a6f6b6451a19f9c14e45a76343a111 StaticDependenciesID=1cb7a4023254341d7da1bce3a2ce447c 
Number of updated asset objects reloaded before import = 0
Number of asset objects unloaded after import = 1
========================================================================
Received Import Request.
  Time of request: 2026-09-09T23:58:48.5454935Z
  Time since last request: 12.3591629 seconds.
  importAddress: GUID: 8c9cfa26abfee488c85f1582747f6a02 - Path: Assets/Scenes/SampleScene.unity - Importer: ScriptedImporter/UnityEditor.QuickSearchModule:UnityEditor.Search:ASIAI0B
Importing 'GUID: 8c9cfa26abfee488c85f1582747f6a02 - Path: Assets/Scenes/SampleScene.unity - Importer: ScriptedImporter/UnityEditor.QuickSearchModule:UnityEditor.Search:ASIAI0B' with importer (ScriptedImporter : UnityEditor.QuickSearchModule:UnityEditor.Search:ASIAI0B)
Imported 'GUID: 8c9cfa26abfee488c85f1582747f6a02' -> (Import Result ID: '22de1420eb4039ff51326acc5d2c7245') in 0.598 seconds [static and dynamic dependencies]. Details - ImportResultOutputID=a672d130791dfdf0dcd8dfb9360ad2db DependenciesID=681cec1614657613e8ee85c3e373527f StaticDependenciesID=7d2061e2c8bf93616417d538d5022be0 
Number of updated asset objects reloaded before import = 0
Number of asset objects unloaded after import = 1
========================================================================
Received Import Request.
  Time of request: 2026-09-09T23:58:54.0019094Z
  Time since last request: 4.8297025 seconds.
  importAddress: GUID: d2aab474978fea2458545fa5693f22a8 - Path: Assets/Prefab - Importer: PreviewImporter
Importing 'GUID: d2aab474978fea2458545fa5693f22a8 - Path: Assets/Prefab - Importer: PreviewImporter' with importer (PreviewImporter)
Imported 'GUID: d2aab474978fea2458545fa5693f22a8' -> (Import Result ID: 'd0865c522c5a7a0879685fc8130b0e4c') in 0.003 seconds [static and dynamic dependencies]. Details - ImportResultOutputID=5c0c4bd9aeb871d186054b29c7d6561a DependenciesID=b30bfe38d3c7237d5cefcb5570da7c6c StaticDependenciesID=0d5c07bb17d66b4f18a45efe38c24a22 
Number of updated asset objects reloaded before import = 0
Number of asset objects unloaded after import = 0
========================================================================
Received Import Request.
  Time of request: 2026-09-09T23:58:54.691033Z
  Time since last request: 0.6721173 seconds.
  importAddress: GUID: d2aab474978fea2458545fa5693f22a8 - Path: Assets/Prefab - Importer: ScriptedImporter/UnityEditor.QuickSearchModule:UnityEditor.Search:ASIAI0B
Importing 'GUID: d2aab474978fea2458545fa5693f22a8 - Path: Assets/Prefab - Importer: ScriptedImporter/UnityEditor.QuickSearchModule:UnityEditor.Search:ASIAI0B' with importer (ScriptedImporter : UnityEditor.QuickSearchModule:UnityEditor.Search:ASIAI0B)
Imported 'GUID: d2aab474978fea2458545fa5693f22a8' -> (Import Result ID: 'f2546d9ad56fe896944ac2ea856c7f5d') in 0.009 seconds [static and dynamic dependencies]. Details - ImportResultOutputID=b32056d4b2fa655a20659a8c8f8b23bb DependenciesID=a53ae17dc02accb2b4270cba8a623272 StaticDependenciesID=09e247fc3de95908dbc1f0b1e4808c33 
Number of updated asset objects reloaded before import = 0
Number of asset objects unloaded after import = 1
========================================================================
Received Import Request.
  Time of request: 2026-09-09T23:59:36.2486177Z
  Time since last request: 41.5345748 seconds.
  importAddress: GUID: aef3c868718c7b34db782fe562056dca - Path: Assets/Prefab/character_berie.prefab - Importer: PreviewImporter
Importing 'GUID: aef3c868718c7b34db782fe562056dca - Path: Assets/Prefab/character_berie.prefab - Importer: PreviewImporter' with importer (PreviewImporter)
Imported 'GUID: aef3c868718c7b34db782fe562056dca' -> (Import Result ID: 'd41ff6a5b8bcc70281ffb536d07bd2e5') in 1.926 seconds [static and dynamic dependencies]. Details - ImportResultOutputID=165c53110e41964f97f0735515f11b2e DependenciesID=b0b13b6a3e94e50f56e86d6875c6dc29 StaticDependenciesID=829d42e9eb62c9a933952e9ff7ecc30e 
Number of updated asset objects reloaded before import = 0
Number of asset objects unloaded after import = 132
========================================================================
Received Prepare
AcceleratorClientConnectionCallback - disconnected - :0
Refreshing native plugins compatible for Editor in 5.63 ms, found 5 plugins.
Unloading 24 Unused Serialized files (Serialized files now loaded: 0)
Unloading 24 unused Assets / (2.9 MB). Loaded Objects now: 8601.
Memory consumption went from 376.7 MB to 373.7 MB.
Total: 534.697700 ms (FindLiveObjects: 11.155800 ms CreateObjectMapping: 2.096200 ms MarkObjects: 519.405700 ms  DeleteObjects: 1.143900 ms)

Prepare: number of updated asset objects reloaded= 0
========================================================================
Received Import Request.
  Time of request: 2026-09-10T00:10:57.8777746Z
  Time since last request: 679.68468410000003 seconds.
  importAddress: GUID: 97617d559b3cdb140b8a1e23a0f05133 - Path: Assets/Sprites/Berie's_Adventure_Seaside_Asset_Pack_Free/Aseprite/character_berie.aseprite - Importer: PreviewImporter
Importing 'GUID: 97617d559b3cdb140b8a1e23a0f05133 - Path: Assets/Sprites/Berie's_Adventure_Seaside_Asset_Pack_Free/Aseprite/character_berie.aseprite - Importer: PreviewImporter' with importer (PreviewImporter)
Imported 'GUID: 97617d559b3cdb140b8a1e23a0f05133' -> (Import Result ID: '43b7c6a8121df5ed30b84faad6db989c') in 1.050 seconds [static and dynamic dependencies]. Details - ImportResultOutputID=99430e2ccc517d7fc244b5bdc0adb0e4 DependenciesID=5f4068856d114f16d2d330c5c57fb591 StaticDependenciesID=ad74dc965bee267520b76105c2f1db56 
Number of updated asset objects reloaded before import = 0
Number of asset objects unloaded after import = 126
========================================================================
Received Import Request.
  Time of request: 2026-09-10T00:10:58.9590649Z
  Time since last request: 0.0071947 seconds.
  importAddress: GUID: 828164266c6f22c468f8e6021d5b42fa - Path: Assets/Animations/Player/character_berie.controller - Importer: ScriptedImporter/UnityEditor.QuickSearchModule:UnityEditor.Search:ASIAI0B
Importing 'GUID: 828164266c6f22c468f8e6021d5b42fa - Path: Assets/Animations/Player/character_berie.controller - Importer: ScriptedImporter/UnityEditor.QuickSearchModule:UnityEditor.Search:ASIAI0B' with importer (ScriptedImporter : UnityEditor.QuickSearchModule:UnityEditor.Search:ASIAI0B)
Imported 'GUID: 828164266c6f22c468f8e6021d5b42fa' -> (Import Result ID: '5dc249f18316d26b7a7334c2f858bbd2') in 0.101 seconds [static and dynamic dependencies]. Details - ImportResultOutputID=42c6fedc31335a59b0eb8d1789c4e498 DependenciesID=61e0f4a17efb4e60f05f2c13e91c456f StaticDependenciesID=1fc94cc082a8d5008852de5026e3c4ac 
Number of updated asset objects reloaded before import = 0
Number of asset objects unloaded after import = 1
========================================================================
Received Import Request.
  Time of request: 2026-09-10T00:11:29.047148Z
  Time since last request: 29.9638505 seconds.
  importAddress: GUID: 828164266c6f22c468f8e6021d5b42fa - Path: Assets/Animations/Player/character_berie.controller - Importer: PreviewImporter
Importing 'GUID: 828164266c6f22c468f8e6021d5b42fa - Path: Assets/Animations/Player/character_berie.controller - Importer: PreviewImporter' with importer (PreviewImporter)
Imported 'GUID: 828164266c6f22c468f8e6021d5b42fa' -> (Import Result ID: 'b077f1b67ea5cc64412bbda823db923e') in 0.003 seconds [static and dynamic dependencies]. Details - ImportResultOutputID=c0d8449c538dab8e81b764e3341a4271 DependenciesID=b83af3b5c30ef0e31d8fb30b8cf1660f StaticDependenciesID=557feaccd12cd60fa01e563291d25b0a 
Number of updated asset objects reloaded before import = 0
Number of asset objects unloaded after import = 1
========================================================================
Received Prepare
AcceleratorClientConnectionCallback - disconnected - :0
Refreshing native plugins compatible for Editor in 4.10 ms, found 5 plugins.
Unloading 24 Unused Serialized files (Serialized files now loaded: 0)
Unloading 24 unused Assets / (3.1 MB). Loaded Objects now: 8663.
Memory consumption went from 377.9 MB to 374.8 MB.
Total: 13.019500 ms (FindLiveObjects: 0.722100 ms CreateObjectMapping: 0.357500 ms MarkObjects: 11.124700 ms  DeleteObjects: 0.486100 ms)

Prepare: number of updated asset objects reloaded= 0
========================================================================
Received Import Request.
  Time of request: 2026-09-10T00:11:49.2783909Z
  Time since last request: 20.2113173 seconds.
  importAddress: GUID: 97617d559b3cdb140b8a1e23a0f05133 - Path: Assets/Sprites/Berie's_Adventure_Seaside_Asset_Pack_Free/Aseprite/character_berie.aseprite - Importer: PreviewImporter
Importing 'GUID: 97617d559b3cdb140b8a1e23a0f05133 - Path: Assets/Sprites/Berie's_Adventure_Seaside_Asset_Pack_Free/Aseprite/character_berie.aseprite - Importer: PreviewImporter' with importer (PreviewImporter)
Imported 'GUID: 97617d559b3cdb140b8a1e23a0f05133' -> (Import Result ID: '878571fc11c2f9a5898412ffac4c575a') in 0.304 seconds [static and dynamic dependencies]. Details - ImportResultOutputID=99430e2ccc517d7fc244b5bdc0adb0e4 DependenciesID=b9b7d92bb84bde286f2e7f128f129372 StaticDependenciesID=73dc921f161992c803c73bd470d684aa 
Number of updated asset objects reloaded before import = 0
Number of asset objects unloaded after import = 126
========================================================================
Received Import Request.
  Time of request: 2026-09-10T00:11:50.6676738Z
  Time since last request: 1.0698145 seconds.
  importAddress: GUID: 6bee736e06fc6fc48a56cd2b3d625366 - Path: Assets/Animations/Player/Fall.anim - Importer: ScriptedImporter/UnityEditor.QuickSearchModule:UnityEditor.Search:ASIAI0B
Importing 'GUID: 6bee736e06fc6fc48a56cd2b3d625366 - Path: Assets/Animations/Player/Fall.anim - Importer: ScriptedImporter/UnityEditor.QuickSearchModule:UnityEditor.Search:ASIAI0B' with importer (ScriptedImporter : UnityEditor.QuickSearchModule:UnityEditor.Search:ASIAI0B)
Imported 'GUID: 6bee736e06fc6fc48a56cd2b3d625366' -> (Import Result ID: '762a9ed0ec116ef270b5aefc707ef2e9') in 0.374 seconds [static and dynamic dependencies]. Details - ImportResultOutputID=162e30bbf6193c182743d9b5f9988ab9 DependenciesID=e72f093b820c025d0c408994cd0bf26d StaticDependenciesID=31546651b3ae08a6e627480695accc0d 
Number of updated asset objects reloaded before import = 0
Number of asset objects unloaded after import = 1
========================================================================
Received Prepare
AcceleratorClientConnectionCallback - disconnected - :0
Refreshing native plugins compatible for Editor in 5.16 ms, found 5 plugins.
Unloading 24 Unused Serialized files (Serialized files now loaded: 0)
Unloading 24 unused Assets / (2.9 MB). Loaded Objects now: 8663.
Memory consumption went from 378.5 MB to 375.6 MB.
Total: 330.795300 ms (FindLiveObjects: 9.661200 ms CreateObjectMapping: 2.186500 ms MarkObjects: 314.955600 ms  DeleteObjects: 3.339600 ms)

Prepare: number of updated asset objects reloaded= 0
========================================================================
Received Prepare
AcceleratorClientConnectionCallback - disconnected - :0
[Licensing::Client] Successfully resolved entitlement details
Begin MonoManager ReloadAssembly
'Packages/com.unity.render-pipelines.core/Editor/Deprecated.cs' contains partial class of Unity.Object, exactly 1 of the partial classes needs to be in a file with the same filename. This is to know the one that can be referenced from ie. GameObjects
'Packages/com.unity.render-pipelines.core/Editor/Deprecated.cs' contains partial class of Unity.Object, exactly 1 of the partial classes needs to be in a file with the same filename. This is to know the one that can be referenced from ie. GameObjects
Refreshing native plugins compatible for Editor in 5.71 ms, found 5 plugins.
[Licensing::Client] Successfully resolved entitlement details
Native extension for Android target not found
Native extension for WindowsStandalone target not found
[Package Manager] Failed to launch server process. Reason: Unity was launched with the -noUpm command-line argument
[Package Manager] Unable to send message (not connected to server process).
[Package Manager] Cannot connect to Unity Package Manager local server
[Package Manager] Failed to launch server process. Reason: Unity was launched with the -noUpm command-line argument
[Package Manager] Unable to send message (not connected to server process).
[Package Manager] Cannot connect to Unity Package Manager local server
ScheduleIndexationOnStartup MainProcess:False IndexOnStartup:True
Scripting: successfully reloaded assembly
- Finished resetting the current domain, in  1.304 seconds
Domain Reload Profiling: 8735ms
	BeginReloadAssembly (3784ms)
		ExecutionOrderSort (21ms)
		DisableScriptedObjects (831ms)
		ReleaseScriptingObjects (9ms)
		CreateAndSetChildDomain (1459ms)
	RebuildCommonClasses (16ms)
	RebuildNativeTypeToScriptingClass (24ms)
	initialDomainReloadingComplete (320ms)
	LoadAllAssembliesAndSetupDomain (3286ms)
		LoadAssemblies (2535ms)
		TypeCache.Refresh (95ms)
		AnalyzeDomain (779ms)
			BuildScriptInfoCaches (736ms)
			ResolveRequiredComponents (12ms)
	FinalizeReload (1306ms)
		SetupLoadedEditorAssemblies (0ms)
			LogAssemblyErrors (11ms)
			InitializePlatformSupportModulesInManaged (13ms)
			BeforeProcessingInitializeOnLoad (203ms)
			ProcessInitializeOnLoadAttributes (486ms)
			ProcessInitializeOnLoadMethodAttributes (155ms)
			AfterProcessingInitializeOnLoad (6ms)
			EditorAssembliesLoaded (4ms)
		AwakeInstancesAfterBackupRestoration (35ms)
Refreshing native plugins compatible for Editor in 2.27 ms, found 5 plugins.
Unloading 24 Unused Serialized files (Serialized files now loaded: 0)
Unloading 7509 unused Assets / (6.9 MB). Loaded Objects now: 8591.
Memory consumption went from 385.3 MB to 378.4 MB.
Total: 14.328100 ms (FindLiveObjects: 1.318200 ms CreateObjectMapping: 0.518700 ms MarkObjects: 9.575000 ms  DeleteObjects: 2.553300 ms)

Prepare: number of updated asset objects reloaded= 0
========================================================================
Received Prepare
AcceleratorClientConnectionCallback - disconnected - :0
[Licensing::Client] Successfully resolved entitlement details
Begin MonoManager ReloadAssembly
'Packages/com.unity.render-pipelines.core/Editor/Deprecated.cs' contains partial class of Unity.Object, exactly 1 of the partial classes needs to be in a file with the same filename. This is to know the one that can be referenced from ie. GameObjects
'Packages/com.unity.render-pipelines.core/Editor/Deprecated.cs' contains partial class of Unity.Object, exactly 1 of the partial classes needs to be in a file with the same filename. This is to know the one that can be referenced from ie. GameObjects
Refreshing native plugins compatible for Editor in 2.28 ms, found 5 plugins.
[Licensing::Client] Successfully resolved entitlement details
Native extension for Android target not found
Native extension for WindowsStandalone target not found
[Package Manager] Failed to launch server process. Reason: Unity was launched with the -noUpm command-line argument
[Package Manager] Unable to send message (not connected to server process).
[Package Manager] Cannot connect to Unity Package Manager local server
[Package Manager] Failed to launch server process. Reason: Unity was launched with the -noUpm command-line argument
[Package Manager] Unable to send message (not connected to server process).
[Package Manager] Cannot connect to Unity Package Manager local server
ScheduleIndexationOnStartup MainProcess:False IndexOnStartup:True
Scripting: successfully reloaded assembly
- Finished resetting the current domain, in  1.217 seconds
Domain Reload Profiling: 5805ms
	BeginReloadAssembly (2427ms)
		ExecutionOrderSort (18ms)
		DisableScriptedObjects (805ms)
		ReleaseScriptingObjects (8ms)
		CreateAndSetChildDomain (454ms)
	RebuildCommonClasses (15ms)
	RebuildNativeTypeToScriptingClass (23ms)
	initialDomainReloadingComplete (179ms)
	LoadAllAssembliesAndSetupDomain (1942ms)
		LoadAssemblies (1298ms)
		TypeCache.Refresh (57ms)
		AnalyzeDomain (487ms)
			BuildScriptInfoCaches (433ms)
			ResolveRequiredComponents (9ms)
	FinalizeReload (1219ms)
		SetupLoadedEditorAssemblies (0ms)
			LogAssemblyErrors (10ms)
			InitializePlatformSupportModulesInManaged (10ms)
			BeforeProcessingInitializeOnLoad (187ms)
			ProcessInitializeOnLoadAttributes (469ms)
			ProcessInitializeOnLoadMethodAttributes (132ms)
			AfterProcessingInitializeOnLoad (6ms)
			EditorAssembliesLoaded (4ms)
		AwakeInstancesAfterBackupRestoration (49ms)
Refreshing native plugins compatible for Editor in 2.44 ms, found 5 plugins.
Unloading 24 Unused Serialized files (Serialized files now loaded: 0)
Unloading 7509 unused Assets / (5.6 MB). Loaded Objects now: 8594.
Memory consumption went from 387.2 MB to 381.6 MB.
Total: 15.746900 ms (FindLiveObjects: 1.369400 ms CreateObjectMapping: 0.554500 ms MarkObjects: 11.457900 ms  DeleteObjects: 2.047300 ms)

Prepare: number of updated asset objects reloaded= 0
========================================================================
Received Prepare
AcceleratorClientConnectionCallback - disconnected - :0
[Licensing::Client] Successfully resolved entitlement details
Begin MonoManager ReloadAssembly
'Packages/com.unity.render-pipelines.core/Editor/Deprecated.cs' contains partial class of Unity.Object, exactly 1 of the partial classes needs to be in a file with the same filename. This is to know the one that can be referenced from ie. GameObjects
'Packages/com.unity.render-pipelines.core/Editor/Deprecated.cs' contains partial class of Unity.Object, exactly 1 of the partial classes needs to be in a file with the same filename. This is to know the one that can be referenced from ie. GameObjects
[Licensing::Client] Successfully resolved entitlement details
Native extension for Android target not found
Native extension for WindowsStandalone target not found
[Package Manager] Failed to launch server process. Reason: Unity was launched with the -noUpm command-line argument
[Package Manager] Unable to send message (not connected to server process).
[Package Manager] Cannot connect to Unity Package Manager local server
[Package Manager] Failed to launch server process. Reason: Unity was launched with the -noUpm command-line argument
[Package Manager] Unable to send message (not connected to server process).
[Package Manager] Cannot connect to Unity Package Manager local server
ScheduleIndexationOnStartup MainProcess:False IndexOnStartup:True
Scripting: successfully reloaded assembly
- Finished resetting the current domain, in  0.917 seconds
Domain Reload Profiling: 4623ms
	BeginReloadAssembly (1651ms)
		ExecutionOrderSort (8ms)
		DisableScriptedObjects (269ms)
		ReleaseScriptingObjects (6ms)
		CreateAndSetChildDomain (380ms)
	RebuildCommonClasses (14ms)
	RebuildNativeTypeToScriptingClass (22ms)
	initialDomainReloadingComplete (292ms)
	LoadAllAssembliesAndSetupDomain (1726ms)
		LoadAssemblies (1074ms)
		TypeCache.Refresh (61ms)
		AnalyzeDomain (543ms)
			BuildScriptInfoCaches (500ms)
			ResolveRequiredComponents (12ms)
	FinalizeReload (919ms)
		SetupLoadedEditorAssemblies (0ms)
			LogAssemblyErrors (4ms)
			InitializePlatformSupportModulesInManaged (9ms)
			BeforeProcessingInitializeOnLoad (138ms)
			ProcessInitializeOnLoadAttributes (350ms)
			ProcessInitializeOnLoadMethodAttributes (122ms)
			AfterProcessingInitializeOnLoad (7ms)
			EditorAssembliesLoaded (3ms)
		AwakeInstancesAfterBackupRestoration (26ms)
Unloading 24 Unused Serialized files (Serialized files now loaded: 0)
Unloading 7509 unused Assets / (5.0 MB). Loaded Objects now: 8597.
Memory consumption went from 389.1 MB to 384.1 MB.
Total: 21.587500 ms (FindLiveObjects: 2.062400 ms CreateObjectMapping: 0.632900 ms MarkObjects: 15.797900 ms  DeleteObjects: 2.725600 ms)

Prepare: number of updated asset objects reloaded= 0
========================================================================
Received Prepare
AcceleratorClientConnectionCallback - disconnected - :0
Refreshing native plugins compatible for Editor in 2.38 ms, found 5 plugins.
Unloading 24 Unused Serialized files (Serialized files now loaded: 0)
Unloading 24 unused Assets / (3.0 MB). Loaded Objects now: 8597.
Memory consumption went from 385.7 MB to 382.8 MB.
Total: 60.443500 ms (FindLiveObjects: 3.981600 ms CreateObjectMapping: 1.678500 ms MarkObjects: 54.012700 ms  DeleteObjects: 0.463600 ms)

Prepare: number of updated asset objects reloaded= 0
