
Server arguments:
  --memory-size 1073741824
  --shared-postfix f955c78d2749ea761fcc61d7c0f58e01
  --working-directory Library/DataStore
  --silent-console
  --shutdown-grace 0
  --client-process-check 0
  --uds-log-file C:/Users/edher/Desktop/EdherUnity/Juego/Logs/UDS-Service.log
  --debug-log 2
  -name
  Unity.DataStore

Initialising UDS system complete:
  - System type: Service
  - Resource namespace: f955c78d2749ea761fcc61d7c0f58e01
  - Shared memory size: 1073741824
  - Command buffer id: 1052576
  - Command buffer size: 8192
  - Hashmap size: 4194304
Starting Unity Data Store Application
[Error] Failed to remove data for hash 3448654c2d4a48ba262f696ab0e465b5. Failure received from service
0x00007ff7ddc7ac75 (Unity.DataStore) uds_wait_handle_complete
0x00007ff7ddc3f835 (Unity.DataStore) uds_cleanup
0x00007ff7ddc2edbf (Unity.DataStore) 
0x00007ff7ddc3000d (Unity.DataStore) 
0x00007ff7ddc172e5 (Unity.DataStore) 
0x00007ff7ddc1676a (Unity.DataStore) 
0x00007ff7ddc16a4f (Unity.DataStore) 
0x00007ff7ddc128b5 (Unity.DataStore) 
0x00007ff7ddc966f4 (Unity.DataStore) uds_wait_handle_complete
0x00007ff91fccccb7 (KERNEL32) BaseThreadInitThunk
0x00007ff9207cad6c (ntdll) RtlUserThreadStart

