[2026-09-11T13:53:35.455Z][INFO] Command-line: 'C:\\Program Files\\Unity\\Hub\\Editor\\6000.6.0f1\\Editor\\Data\\Resources\\PackageManager\\Server\\UnityPackageManager.exe' server -s 2488 --ipc-path Unity-Upm-2488 -l 2 --log-file C:\\Users\\edher\\Desktop\\EdherUnity\\Juego/Logs/upm.log
[2026-09-11T13:53:35.513Z][INFO] IPC server started (IPC path=Unity-Upm-2488).
[2026-09-11T13:53:35.514Z][INFO] Hint: To connect to this UPM instance, launch Unity with the command-line parameter -upmIpcPath Upm-2488.
[2026-09-11T13:53:49.962Z][INFO] project:list-packages <-- Request received
params: {}
[2026-09-11T13:53:50.710Z][INFO] config:project:get-registries <-- Request received
params: {}
[2026-09-11T13:53:50.712Z][INFO] project:list-packages <-- Request received
params: {}
[2026-09-11T13:53:50.887Z][INFO] config:project:get-registries --> 200 (177 ms)
[2026-09-11T13:53:51.312Z][INFO] project:list-packages --> 200 (1351 ms)
[2026-09-11T13:53:51.470Z][INFO] project:list-packages --> 200 (758 ms)
[2026-09-11T13:54:03.716Z][INFO] project:list-packages <-- Request received
params: {}
[2026-09-11T13:54:03.787Z][INFO] project:list-packages <-- Request received
params: {}
[2026-09-11T13:54:04.045Z][INFO] project:list-packages --> 200 (330 ms)
[2026-09-11T13:54:04.093Z][INFO] project:list-packages --> 200 (306 ms)
[2026-09-11T13:54:04.094Z][INFO] project:list-packages <-- Request received
params: {}
[2026-09-11T13:54:04.277Z][INFO] config:project:get-registries <-- Request received
params: {}
[2026-09-11T13:54:04.290Z][INFO] project:list-packages --> 200 (196 ms)
[2026-09-11T13:54:04.291Z][INFO] config:project:get-registries --> 200 (14 ms)
[2026-09-11T13:54:18.846Z][INFO] project:list-packages <-- Request received
params: {}
[2026-09-11T13:54:19.059Z][INFO] project:list-packages --> 200 (212 ms)
[2026-09-11T13:54:23.368Z][INFO] project:list-packages <-- Request received
params: {}
[2026-09-11T13:54:23.412Z][INFO] project:list-packages <-- Request received
params: {}
[2026-09-11T13:54:23.675Z][INFO] project:list-packages --> 200 (307 ms)
[2026-09-11T13:54:23.723Z][INFO] project:list-packages --> 200 (311 ms)
[2026-09-11T13:54:23.747Z][INFO] project:list-packages <-- Request received
params: {}
[2026-09-11T13:54:23.897Z][INFO] config:project:get-registries <-- Request received
params: {}
[2026-09-11T13:54:23.936Z][INFO] project:list-packages --> 200 (189 ms)
[2026-09-11T13:54:23.936Z][INFO] config:project:get-registries --> 200 (39 ms)
[2026-09-11T13:54:30.083Z][INFO] project:list-packages <-- Request received
params: {}
[2026-09-11T13:54:30.097Z][INFO] project:list-packages <-- Request received
params: {}
[2026-09-11T13:54:30.321Z][INFO] project:list-packages --> 200 (224 ms)
[2026-09-11T13:54:30.686Z][INFO] Downloading package [com.unity.package-manager.metadata-6000.6@0.0.72] from registry 'https://packages.unity.com'
[2026-09-11T13:54:31.748Z][INFO] Finished downloading package [com.unity.package-manager.metadata-6000.6@0.0.72] from registry 'https://packages.unity.com' (size: 11.4 kB, time: 1s)
[2026-09-11T13:54:33.930Z][INFO] project:list-packages --> 200 (3848 ms)
[2026-09-11T15:52:28.775Z][INFO] project:list-packages <-- Request received
params: {}
[2026-09-11T15:52:28.995Z][INFO] project:list-packages <-- Request received
params: {}
[2026-09-11T15:52:31.778Z][INFO] project:list-packages --> 200 (2783 ms)
[2026-09-11T15:52:31.779Z][INFO] project:list-packages --> 200 (3015 ms)
[2026-09-11T15:52:31.885Z][INFO] project:list-packages <-- Request received
params: {}
[2026-09-11T15:52:32.028Z][INFO] project:list-packages --> 200 (143 ms)
[2026-09-11T15:52:32.668Z][INFO] project:list-packages <-- Request received
params: {}
[2026-09-11T15:52:32.809Z][INFO] project:list-packages --> 200 (141 ms)
[2026-09-11T18:52:25.664Z][INFO] project:list-packages <-- Request received
params: {}
[2026-09-11T18:52:26.012Z][INFO] project:list-packages <-- Request received
params: {}
[2026-09-11T18:52:26.445Z][ERROR] Error: Cannot connect to 'packages.unity.com' (error code: ENOTFOUND). Check your internet connection and verify that your environment firewall policies allow connection to this host name. If your system is behind a proxy, verify your proxy environment variables (HTTP_PROXY and HTTPS_PROXY) are properly set.
[2026-09-11T18:52:26.736Z][ERROR] Error: Cannot connect to 'packages.unity.com' (error code: ENOTFOUND). Check your internet connection and verify that your environment firewall policies allow connection to this host name. If your system is behind a proxy, verify your proxy environment variables (HTTP_PROXY and HTTPS_PROXY) are properly set.
[2026-09-11T18:52:26.767Z][ERROR] Error: Cannot connect to 'packages.unity.com' (error code: ENOTFOUND). Check your internet connection and verify that your environment firewall policies allow connection to this host name. If your system is behind a proxy, verify your proxy environment variables (HTTP_PROXY and HTTPS_PROXY) are properly set.
[2026-09-11T18:52:26.773Z][ERROR] Error: Cannot connect to 'packages.unity.com' (error code: ENOTFOUND). Check your internet connection and verify that your environment firewall policies allow connection to this host name. If your system is behind a proxy, verify your proxy environment variables (HTTP_PROXY and HTTPS_PROXY) are properly set.
[2026-09-11T18:52:26.804Z][ERROR] Error: Cannot connect to 'packages.unity.com' (error code: ENOTFOUND). Check your internet connection and verify that your environment firewall policies allow connection to this host name. If your system is behind a proxy, verify your proxy environment variables (HTTP_PROXY and HTTPS_PROXY) are properly set.
[2026-09-11T18:52:26.827Z][ERROR] Error: Cannot connect to 'packages.unity.com' (error code: ENOTFOUND). Check your internet connection and verify that your environment firewall policies allow connection to this host name. If your system is behind a proxy, verify your proxy environment variables (HTTP_PROXY and HTTPS_PROXY) are properly set.
[2026-09-11T18:52:26.855Z][ERROR] Error: Cannot connect to 'packages.unity.com' (error code: ENOTFOUND). Check your internet connection and verify that your environment firewall policies allow connection to this host name. If your system is behind a proxy, verify your proxy environment variables (HTTP_PROXY and HTTPS_PROXY) are properly set.
[2026-09-11T18:52:26.891Z][ERROR] Error: Cannot connect to 'packages.unity.com' (error code: ENOTFOUND). Check your internet connection and verify that your environment firewall policies allow connection to this host name. If your system is behind a proxy, verify your proxy environment variables (HTTP_PROXY and HTTPS_PROXY) are properly set.
[2026-09-11T18:52:26.900Z][ERROR] Error: Cannot connect to 'packages.unity.com' (error code: ENOTFOUND). Check your internet connection and verify that your environment firewall policies allow connection to this host name. If your system is behind a proxy, verify your proxy environment variables (HTTP_PROXY and HTTPS_PROXY) are properly set.
[2026-09-11T18:52:26.906Z][ERROR] Error: Cannot connect to 'packages.unity.com' (error code: ENOTFOUND). Check your internet connection and verify that your environment firewall policies allow connection to this host name. If your system is behind a proxy, verify your proxy environment variables (HTTP_PROXY and HTTPS_PROXY) are properly set.
[2026-09-11T18:52:26.922Z][ERROR] Error: Cannot connect to 'packages.unity.com' (error code: ENOTFOUND). Check your internet connection and verify that your environment firewall policies allow connection to this host name. If your system is behind a proxy, verify your proxy environment variables (HTTP_PROXY and HTTPS_PROXY) are properly set.
[2026-09-11T18:52:26.926Z][ERROR] Error: Cannot connect to 'packages.unity.com' (error code: ENOTFOUND). Check your internet connection and verify that your environment firewall policies allow connection to this host name. If your system is behind a proxy, verify your proxy environment variables (HTTP_PROXY and HTTPS_PROXY) are properly set.
[2026-09-11T18:52:26.936Z][ERROR] Error: Cannot connect to 'packages.unity.com' (error code: ENOTFOUND). Check your internet connection and verify that your environment firewall policies allow connection to this host name. If your system is behind a proxy, verify your proxy environment variables (HTTP_PROXY and HTTPS_PROXY) are properly set.
[2026-09-11T18:52:27.087Z][ERROR] Error: Cannot connect to 'packages.unity.com' (error code: ENOTFOUND). Check your internet connection and verify that your environment firewall policies allow connection to this host name. If your system is behind a proxy, verify your proxy environment variables (HTTP_PROXY and HTTPS_PROXY) are properly set.
[2026-09-11T18:52:27.116Z][ERROR] Error: Cannot connect to 'packages.unity.com' (error code: ENOTFOUND). Check your internet connection and verify that your environment firewall policies allow connection to this host name. If your system is behind a proxy, verify your proxy environment variables (HTTP_PROXY and HTTPS_PROXY) are properly set.
[2026-09-11T18:52:27.200Z][ERROR] Error: Cannot connect to 'packages.unity.com' (error code: ENOTFOUND). Check your internet connection and verify that your environment firewall policies allow connection to this host name. If your system is behind a proxy, verify your proxy environment variables (HTTP_PROXY and HTTPS_PROXY) are properly set.
[2026-09-11T18:52:27.223Z][ERROR] Error: Cannot connect to 'packages.unity.com' (error code: ENOTFOUND). Check your internet connection and verify that your environment firewall policies allow connection to this host name. If your system is behind a proxy, verify your proxy environment variables (HTTP_PROXY and HTTPS_PROXY) are properly set.
[2026-09-11T18:52:27.380Z][ERROR] Error: Cannot connect to 'packages.unity.com' (error code: ENOTFOUND). Check your internet connection and verify that your environment firewall policies allow connection to this host name. If your system is behind a proxy, verify your proxy environment variables (HTTP_PROXY and HTTPS_PROXY) are properly set.
[2026-09-11T18:52:27.426Z][ERROR] Error: Cannot connect to 'packages.unity.com' (error code: ENOTFOUND). Check your internet connection and verify that your environment firewall policies allow connection to this host name. If your system is behind a proxy, verify your proxy environment variables (HTTP_PROXY and HTTPS_PROXY) are properly set.
[2026-09-11T18:52:27.475Z][ERROR] Error: Cannot connect to 'packages.unity.com' (error code: ENOTFOUND). Check your internet connection and verify that your environment firewall policies allow connection to this host name. If your system is behind a proxy, verify your proxy environment variables (HTTP_PROXY and HTTPS_PROXY) are properly set.
[2026-09-11T18:52:27.490Z][ERROR] Error: Cannot connect to 'packages.unity.com' (error code: ENOTFOUND). Check your internet connection and verify that your environment firewall policies allow connection to this host name. If your system is behind a proxy, verify your proxy environment variables (HTTP_PROXY and HTTPS_PROXY) are properly set.
[2026-09-11T18:52:27.527Z][ERROR] Error: Cannot connect to 'packages.unity.com' (error code: ENOTFOUND). Check your internet connection and verify that your environment firewall policies allow connection to this host name. If your system is behind a proxy, verify your proxy environment variables (HTTP_PROXY and HTTPS_PROXY) are properly set.
[2026-09-11T18:52:27.549Z][ERROR] Error: Cannot connect to 'packages.unity.com' (error code: ENOTFOUND). Check your internet connection and verify that your environment firewall policies allow connection to this host name. If your system is behind a proxy, verify your proxy environment variables (HTTP_PROXY and HTTPS_PROXY) are properly set.
[2026-09-11T18:52:27.611Z][ERROR] Error: Cannot connect to 'packages.unity.com' (error code: ENOTFOUND). Check your internet connection and verify that your environment firewall policies allow connection to this host name. If your system is behind a proxy, verify your proxy environment variables (HTTP_PROXY and HTTPS_PROXY) are properly set.
[2026-09-11T18:52:27.806Z][ERROR] Error: Cannot connect to 'packages.unity.com' (error code: ENOTFOUND). Check your internet connection and verify that your environment firewall policies allow connection to this host name. If your system is behind a proxy, verify your proxy environment variables (HTTP_PROXY and HTTPS_PROXY) are properly set.
[2026-09-11T18:52:27.835Z][ERROR] Error: Cannot connect to 'packages.unity.com' (error code: ENOTFOUND). Check your internet connection and verify that your environment firewall policies allow connection to this host name. If your system is behind a proxy, verify your proxy environment variables (HTTP_PROXY and HTTPS_PROXY) are properly set.
[2026-09-11T18:52:27.853Z][ERROR] Error: Cannot connect to 'packages.unity.com' (error code: ENOTFOUND). Check your internet connection and verify that your environment firewall policies allow connection to this host name. If your system is behind a proxy, verify your proxy environment variables (HTTP_PROXY and HTTPS_PROXY) are properly set.
[2026-09-11T18:52:27.882Z][ERROR] Error: Cannot connect to 'packages.unity.com' (error code: ENOTFOUND). Check your internet connection and verify that your environment firewall policies allow connection to this host name. If your system is behind a proxy, verify your proxy environment variables (HTTP_PROXY and HTTPS_PROXY) are properly set.
[2026-09-11T18:52:27.903Z][ERROR] Error: Cannot connect to 'packages.unity.com' (error code: ENOTFOUND). Check your internet connection and verify that your environment firewall policies allow connection to this host name. If your system is behind a proxy, verify your proxy environment variables (HTTP_PROXY and HTTPS_PROXY) are properly set.
[2026-09-11T18:52:28.031Z][ERROR] Error: Cannot connect to 'packages.unity.com' (error code: ENOTFOUND). Check your internet connection and verify that your environment firewall policies allow connection to this host name. If your system is behind a proxy, verify your proxy environment variables (HTTP_PROXY and HTTPS_PROXY) are properly set.
[2026-09-11T18:52:28.046Z][ERROR] Error: Cannot connect to 'packages.unity.com' (error code: ENOTFOUND). Check your internet connection and verify that your environment firewall policies allow connection to this host name. If your system is behind a proxy, verify your proxy environment variables (HTTP_PROXY and HTTPS_PROXY) are properly set.
[2026-09-11T18:52:28.064Z][ERROR] Error: Cannot connect to 'packages.unity.com' (error code: ENOTFOUND). Check your internet connection and verify that your environment firewall policies allow connection to this host name. If your system is behind a proxy, verify your proxy environment variables (HTTP_PROXY and HTTPS_PROXY) are properly set.
[2026-09-11T18:52:28.072Z][ERROR] Error: Cannot connect to 'packages.unity.com' (error code: ENOTFOUND). Check your internet connection and verify that your environment firewall policies allow connection to this host name. If your system is behind a proxy, verify your proxy environment variables (HTTP_PROXY and HTTPS_PROXY) are properly set.
[2026-09-11T18:52:30.351Z][INFO] project:list-packages --> 200 (4339 ms)
[2026-09-11T18:52:30.353Z][INFO] project:list-packages --> 200 (4713 ms)
[2026-09-11T18:52:30.745Z][INFO] project:list-packages <-- Request received
params: {}
[2026-09-11T18:52:31.278Z][INFO] project:list-packages --> 200 (533 ms)
[2026-09-11T18:52:31.353Z][INFO] project:list-packages <-- Request received
params: {}
[2026-09-11T18:52:31.535Z][INFO] project:list-packages --> 200 (182 ms)
[2026-09-11T18:52:34.777Z][INFO] project:list-packages <-- Request received
params: {}
[2026-09-11T18:52:34.956Z][INFO] project:list-packages --> 200 (179 ms)
[2026-09-11T18:52:35.478Z][INFO] project:list-packages <-- Request received
params: {}
[2026-09-11T18:52:35.607Z][INFO] project:list-packages --> 200 (129 ms)
[2026-09-11T19:35:16.488Z][INFO] project:list-packages <-- Request received
params: {}
[2026-09-11T19:35:16.847Z][INFO] project:list-packages <-- Request received
params: {}
[2026-09-11T19:35:16.932Z][INFO] config:project:get-registries <-- Request received
params: {}
[2026-09-11T19:35:16.961Z][INFO] project:list-packages --> 200 (482 ms)
[2026-09-11T19:35:16.966Z][INFO] config:project:get-registries --> 200 (34 ms)
[2026-09-11T19:35:17.062Z][INFO] project:list-packages --> 200 (215 ms)
[2026-09-11T19:35:43.784Z][INFO] project:list-packages <-- Request received
params: {}
[2026-09-11T19:35:44.035Z][INFO] project:list-packages --> 200 (254 ms)
[2026-09-11T19:35:44.068Z][INFO] project:list-packages <-- Request received
params: {}
[2026-09-11T19:35:44.230Z][INFO] project:list-packages --> 200 (162 ms)
[2026-09-11T19:35:44.236Z][INFO] config:project:get-registries <-- Request received
params: {}
[2026-09-11T19:35:44.241Z][INFO] config:project:get-registries --> 200 (6 ms)
[2026-09-11T19:37:37.702Z][INFO] project:list-packages <-- Request received
params: {}
[2026-09-11T19:37:37.976Z][INFO] project:list-packages <-- Request received
params: {}
[2026-09-11T19:37:38.047Z][INFO] project:list-packages --> 200 (353 ms)
[2026-09-11T19:37:38.114Z][INFO] config:project:get-registries <-- Request received
params: {}
[2026-09-11T19:37:38.118Z][INFO] config:project:get-registries --> 200 (4 ms)
[2026-09-11T19:37:38.186Z][INFO] project:list-packages --> 200 (210 ms)
[2026-09-11T19:57:58.797Z][INFO] tarball:extract <-- Request received
params: {}
[2026-09-11T19:58:01.053Z][INFO] tarball:extract --> 200 (2264 ms)
[2026-09-11T20:02:07.409Z][INFO] project:list-packages <-- Request received
params: {}
[2026-09-11T20:02:07.730Z][INFO] project:list-packages --> 200 (327 ms)
[2026-09-11T20:02:07.819Z][INFO] project:list-packages <-- Request received
params: {}
[2026-09-11T20:02:07.967Z][INFO] project:list-packages --> 200 (148 ms)
[2026-09-11T20:02:07.982Z][INFO] config:project:get-registries <-- Request received
params: {}
[2026-09-11T20:02:07.986Z][INFO] config:project:get-registries --> 200 (4 ms)
[2026-09-11T20:11:31.008Z][INFO] project:list-packages <-- Request received
params: {}
[2026-09-11T20:11:31.307Z][INFO] project:list-packages <-- Request received
params: {}
[2026-09-11T20:11:31.337Z][INFO] project:list-packages --> 200 (340 ms)
[2026-09-11T20:11:31.446Z][INFO] config:project:get-registries <-- Request received
params: {}
[2026-09-11T20:11:31.457Z][INFO] config:project:get-registries --> 200 (11 ms)
[2026-09-11T20:11:31.519Z][INFO] project:list-packages --> 200 (212 ms)
[2026-09-11T20:51:40.985Z][INFO] project:list-packages <-- Request received
params: {}
[2026-09-11T20:51:41.354Z][INFO] project:list-packages <-- Request received
params: {}
[2026-09-11T20:51:43.855Z][INFO] project:list-packages --> 200 (2880 ms)
[2026-09-11T20:51:43.856Z][INFO] project:list-packages --> 200 (2502 ms)
[2026-09-11T20:51:45.040Z][INFO] project:list-packages <-- Request received
params: {}
[2026-09-11T20:51:45.166Z][INFO] project:list-packages --> 200 (126 ms)
[2026-09-11T20:51:45.848Z][INFO] project:list-packages <-- Request received
params: {}
[2026-09-11T20:51:45.974Z][INFO] project:list-packages --> 200 (126 ms)
[2026-09-11T20:56:42.283Z][INFO] project:list-packages <-- Request received
params: {}
[2026-09-11T20:56:42.646Z][INFO] project:list-packages <-- Request received
params: {}
[2026-09-11T20:56:42.824Z][INFO] config:project:get-registries <-- Request received
params: {}
[2026-09-11T20:56:42.907Z][INFO] project:list-packages --> 200 (636 ms)
[2026-09-11T20:56:42.911Z][INFO] config:project:get-registries --> 200 (88 ms)
[2026-09-11T20:56:42.974Z][INFO] project:list-packages --> 200 (328 ms)
[2026-09-11T22:15:54.673Z][INFO] project:list-packages <-- Request received
params: {}
[2026-09-11T22:15:55.066Z][INFO] project:list-packages <-- Request received
params: {}
[2026-09-11T22:15:55.240Z][INFO] config:project:get-registries <-- Request received
params: {}
[2026-09-11T22:15:55.254Z][INFO] config:project:get-registries --> 200 (14 ms)
[2026-09-11T22:15:55.464Z][INFO] project:list-packages --> 200 (398 ms)
[2026-09-11T22:15:55.465Z][INFO] project:list-packages --> 200 (813 ms)
